***** External Functions *****
1    AddFontRegistrationToLog                           isrt.obl(Misc.obs)
2    AdminAskPath                                       iswi.obl(AdminAskPath.obs)
3    AllFeaturesDeselected                              iswi.obl(CompHelperFuncs.obs)
4    CHECK_RETURN                                       iswi.obl(ErrHandler.obs)
5    CannotChange                                       setup.obs
6    ChangeDirectory                                    isrt.obl(Files.obs)
7    CheckHomeDir                                       setup.obs
8    CheckIEversion                                     setup.obs
9    CheckLocalInstallation                             setup.obs
10   CheckTrackerDB                                     setup.obs
11   CloseFile                                          isrt.obl(Files.obs)
12   CmdGetHwndDlg                                      isrt.obl(CustomDialog.obs)
13   CoCreateObject                                     isrt.obl(Misc.obs)
14   ComponentAddFileToLog                              isrt.obl(component.obs)
15   ComponentCompareSizeRequired                       isrt.obl(component.obs)
16   ComponentErrorInfo                                 isrt.obl(component.obs)
17   ComponentGetData                                   isrt.obl(component.obs)
18   ComponentGetTotalCost                              isrt.obl(component.obs)
19   ComponentIsItemSelected                            isrt.obl(component.obs)
20   ComponentListItems                                 isrt.obl(component.obs)
21   ComponentReinstall                                 isrt.obl(component.obs)
22   ComponentRemoveAll                                 isrt.obl(component.obs)
23   ComponentSaveTarget                                isrt.obl(component.obs)
24   ComponentSelectItem                                isrt.obl(component.obs)
25   ComponentTransferData                              isrt.obl(component.obs)
26   ComponentTreeInit                                  isrt.obl(Dialogs.obs)
27   ConvertHexToBinary                                 setup.obs
28   ConvertWinHighLowSizeToISHighLowSize               isrt.obl(Misc.obs)
29   CreateDir                                          isrt.obl(Files.obs)
30   CreateFile                                         isrt.obl(Files.obs)
31   CreateInstallationInfo                             isrt.obl(Registry.obs)
32   CreateRegistrySet                                  iswi.obl(ComponentConv.obs)
33   CtrlGetNotificationCode                            isrt.obl(CustomDialog.obs)
34   CtrlGetState                                       isrt.obl(CustomDialog.obs)
35   CtrlGetSubCommand                                  isrt.obl(CustomDialog.obs)
36   CtrlGetText                                        isrt.obl(CustomDialog.obs)
37   CtrlSelectText                                     isrt.obl(CustomDialog.obs)
38   CtrlSetList                                        isrt.obl(CustomDialog.obs)
39   CtrlSetMLEText                                     isrt.obl(CustomDialog.obs)
40   CtrlSetState                                       isrt.obl(CustomDialog.obs)
41   CtrlSetText                                        isrt.obl(CustomDialog.obs)
42   DIFxDriverPackageUninstall                         isrt.obl(ISDIFx.obs)
43   DRMINSTALLERPRO.DRMInstallPRO                      isrt.obl(Activation.obs)
44   DRMINSTALLERPRO.DRMUnInstallPRO                    isrt.obl(Activation.obs)
45   DefineDialog                                       isrt.obl(CustomDialog.obs)
46   Delay                                              isrt.obl(Misc.obs)
47   DeleteFile                                         isrt.obl(Files.obs)
48   DeleteSingleFile                                   isrt.obl(Files.obs)
49   DialogSetDefaultFont                               isrt.obl(Dialogs.obs)
50   DialogSetFont                                      isrt.obl(Dialogs.obs)
51   DialogSetInfo                                      isrt.obl(Dialogs.obs)
52   Disable                                            isrt.obl(Enable.obs)
53   DispVariable                                       setup.obs
54   DllSizeOf                                          isrt.obl(Str.obs)
55   Do                                                 isrt.obl(Misc.obs)
56   Enable                                             isrt.obl(Enable.obs)
57   EndCurrentDialog                                   isrt.obl(Dialogs.obs)
58   EndDialog                                          isrt.obl(CustomDialog.obs)
59   EnterPassword                                      isrt.obl(EnterPasswordDlg.obs)
60   ExcFeature                                         setup.obs
61   ExistsDir                                          isrt.obl(Files.obs)
62   EzDefineDialog                                     isrt.obl(CustomDialog.obs)
63   FeatureAddFileToLog                                iswi.obl(FeatureConv.obs)
64   FeatureCompareSizeRequired                         iswi.obl(FeatureConv.obs)
65   FeatureErrorInfo                                   iswi.obl(ComponentConv.obs)
66   FeatureFilterLanguage                              iswi.obl(ComponentConv.obs)
67   FeatureFilterOS                                    iswi.obl(ComponentConv.obs)
68   FeatureGetData                                     iswi.obl(ComponentConv.obs)
69   FeatureGetTotalCost                                iswi.obl(FeatureConv.obs)
70   FeatureIsItemSelected                              iswi.obl(ComponentConv.obs)
71   FeatureListItems                                   iswi.obl(ComponentConv.obs)
72   FeaturePatch                                       iswi.obl(FeatureConv.obs)
73   FeatureReinstall                                   iswi.obl(ComponentConv.obs)
74   FeatureRemoveAll                                   iswi.obl(ComponentConv.obs)
75   FeatureSaveTarget                                  iswi.obl(FeatureConv.obs)
76   FeatureSelectItem                                  iswi.obl(ComponentConv.obs)
77   FeatureSelectNew                                   iswi.obl(FeatureConv.obs)
78   FeatureSetupTypeSet                                iswi.obl(ComponentConv.obs)
79   FeatureStandardSetupTypeSet                        iswi.obl(FeatureConv.obs)
80   FeatureTransferData                                iswi.obl(ComponentConv.obs)
81   FeatureValidate                                    iswi.obl(ComponentConv.obs)
82   FeaturesInstalled                                  iswi.obl(FileTransferFuncsConv.obs)
83   FeaturesInstalling                                 iswi.obl(FileTransferFuncsConv.obs)
84   FinalConstruct                                     ifx.obl(EventsPriv.obs)
85   FinalRelease                                       ifx.obl(EventsPriv.obs)
86   FindFile                                           isrt.obl(Files.obs)
87   FindWindow                                         isrt.obl(Misc.obs)
88   FixUpCmdLine                                       iswi.obl(HelperFuncs.obs)
89   FixUpCmdLinePostReboot                             iswi.obl(HelperFuncs.obs)
90   FormatMessage                                      isrt.obl(Misc.obs)
91   GDI32.AddFontResource                              setup.obs
92   GDI32.CreateRectRgn                                setup.obs
93   GDI32.GetDeviceCaps                                setup.obs
94   GDI32.RemoveFontResource                           setup.obs
95   GeneratedMSIScript                                 iswi.obl(FileTransferFuncsConv.obs)
96   GeneratingMSIScript                                iswi.obl(FileTransferFuncsConv.obs)
97   GetAddRemove                                       isrt.obl(SysVars.obs)
98   GetBillboard                                       isrt.obl(SysVars.obs)
99   GetCommonFiles                                     isrt.obl(SysVars.obs)
100  GetComponentsFeatures                              iswi.obl(CompHelperFuncs.obs)
101  GetCurrentDialogName                               isrt.obl(Dialogs.obs)
102  GetCurrentDir                                      isrt.obl(Files.obs)
103  GetDialogTitle                                     isrt.obl(Dialogs.obs)
104  GetDir                                             isrt.obl(Str.obs)
105  GetDisk                                            isrt.obl(Str.obs)
106  GetDiskSpace                                       isrt.obl(GSI.obs)
107  GetDiskSpaceEx                                     isrt.obl(GSI.obs)
108  GetEnabledIServices                                isrt.obl(SysVars.obs)
109  GetEngineDir                                       isrt.obl(SysVars.obs)
110  GetExtents                                         isrt.obl(GSI.obs)
111  GetFileInfo                                        isrt.obl(Files.obs)
112  GetFolderApplications                              isrt.obl(SysVars.obs)
113  GetFolderApplications64                            isrt.obl(SysVars.obs)
114  GetFolderFonts                                     isrt.obl(SysVars.obs)
115  GetISRes                                           isrt.obl(SysVars.obs)
116  GetInstallScriptMSI                                isrt.obl(SysVars.obs)
117  GetInstanceGUID                                    isrt.obl(SysVars.obs)
118  GetKeyPathWinCurrVerAuto                           isrt.obl(SysVars.obs)
119  GetLog                                             isrt.obl(SysVars.obs)
120  GetLogEx                                           isrt.obl(SysVars.obs)
121  GetMSIFeatureName                                  iswi.obl(CompHelperFuncs.obs)
122  GetMaintOption                                     isrt.obl(SysVars.obs)
123  GetMaintenance                                     iswi.obl(ISWiInit.obs)
124  GetMsiFeaturePath                                  iswi.obl(CompHelperFuncs.obs)
125  GetMsiNameFromAliasTable                           iswi.obl(CompHelperFuncs.obs)
126  GetMultiInstanceCount                              isrt.obl(SysVars.obs)
127  GetOpenFileMode                                    isrt.obl(Files.obs)
128  GetOption                                          setup.obs
129  GetPackageLocation                                 isrt.obl(SysVars.obs)
130  GetProductGUID                                     iswi.obl(ISWiInit.obs)
131  GetProfSectionKeyCount                             isrt.obl(Profile.obs)
132  GetProfString                                      isrt.obl(Profile.obs)
133  GetProfStringList                                  isrt.obl(Profile.obs)
134  GetProgramFiles                                    isrt.obl(SysVars.obs)
135  GetProperty                                        setup.obs
136  GetReinstallMode                                   isrt.obl(SysVars.obs)
137  GetRemoveAllMode                                   isrt.obl(SysVars.obs)
138  GetRemoveOnly                                      isrt.obl(SysVars.obs)
139  GetSelectedLanguage                                isrt.obl(SysVars.obs)
140  GetSelectedTreeComponent                           isrt.obl(CmptView.obs)
141  GetShowPasswordDialog                              isrt.obl(SysVars.obs)
142  GetSupportDir                                      isrt.obl(SysVars.obs)
143  GetSystemInfo                                      isrt.obl(GSI.obs)
144  GetTempFolder                                      isrt.obl(SysVars.obs)
145  GetTrueTypeFontFileInfo                            isrt.obl(Misc.obs)
146  GetUpdateStatus                                    iswi.obl(HelperFuncs.obs)
147  GetUpdateStatusReboot                              iswi.obl(HelperFuncs.obs)
148  GetUserSelectableAuto                              isrt.obl(SysVars.obs)
149  GetValidDrivesList                                 isrt.obl(GSI.obs)
150  GetWinDir                                          isrt.obl(SysVars.obs)
151  GetWinSysDir                                       isrt.obl(SysVars.obs)
152  GetWindowHandle                                    iswi.obl(MiscConv.obs)
153  HIBYTE                                             isrt.obl(Misc.obs)
154  HIWORD                                             isrt.obl(Misc.obs)
155  ISDeterminePlatform                                isrt.obl(OsInfo.obs)
156  ISMIF32.InstallStatusMIF                           isrt.obl(MIF.obs)
157  ISRT.ComponentViewSetInfoEx                        isrt.obl(Dialogs.obs)
158  ISRT.EnableHourGlass                               isrt.obl(Enable.obs)
159  ISRT.GetCPUType                                    isrt.obl(GSI.obs)
160  ISRT.GetFontSub                                    isrt.obl(Dialogs.obs)
161  ISRT.GetHandle                                     setup.obs
162  ISRT.GetPorts                                      isrt.obl(GSI.obs)
163  ISRT.IsEmpty                                       setup.obs
164  ISRT.IsNTAdmin                                     isrt.obl(Is.obs)
165  ISRT.IsObject                                      setup.obs
166  ISRT.IsPowerUser                                   isrt.obl(Is.obs)
167  ISRT.LangLoadString                                isrt.obl(SDINT.obs)
168  ISRT.MessageBeepP                                  setup.obs
169  ISRT.PathCompactPathPixel                          isrt.obl(CustomDialog.obs)
170  ISRT.PathGetDir                                    isrt.obl(Str.obs)
171  ISRT.PathGetDrive                                  isrt.obl(Str.obs)
172  ISRT.PathGetFile                                   isrt.obl(Files.obs)
173  ISRT.PathGetFileExt                                isrt.obl(Str.obs)
174  ISRT.PathGetFileName                               isrt.obl(Str.obs)
175  ISRT.PathGetLongFromShort                          isrt.obl(Str.obs)
176  ISRT.PathGetPath                                   isrt.obl(Str.obs)
177  ISRT.PathGetSpecialFolder                          isrt.obl(SysVars.obs)
178  ISRT.PathIsValidSyntax                             isrt.obl(Is.obs)
179  ISRT.VerGetFileVersion                             setup.obs
180  ISRT._BrowseForFolder                              isrt.obl(SelectDir.obs)
181  ISRT._CleanupInet                                  isrt.obl(MIO.obs)
182  ISRT._CloseFile                                    isrt.obl(Files.obs)
183  ISRT._CmdGetHwndDlg                                isrt.obl(CustomDialog.obs)
184  ISRT._ComponentCompareSizeRequired                 iswi.obl(FeatureConv.obs)
185  ISRT._ComponentGetTotalCost                        iswi.obl(FeatureConv.obs)
186  ISRT._ComponentGetTotalCostEx                      isrt.obl(SdComponentTreeDlg.obs)
187  ISRT._ComponentPatch                               iswi.obl(FeatureConv.obs)
188  ISRT._ComponentSaveTarget                          iswi.obl(FeatureConv.obs)
189  ISRT._ComponentSelectNew                           iswi.obl(FeatureConv.obs)
190  ISRT._CreateDir                                    isrt.obl(Files.obs)
191  ISRT._CreateObject                                 isrt.obl(Misc.obs)
192  ISRT._CtrlGetNotificationCode                      isrt.obl(CustomDialog.obs)
193  ISRT._CtrlGetSubCommand                            isrt.obl(CustomDialog.obs)
194  ISRT._CtrlSetMLERichText                           isrt.obl(CustomDialog.obs)
195  ISRT._DIFxDriverPackageUninstall                   isrt.obl(ISDIFx.obs)
196  ISRT._DefineDialog                                 isrt.obl(CustomDialog.obs)
197  ISRT._DialogSetFont                                isrt.obl(Dialogs.obs)
198  ISRT._DisableStatus                                isrt.obl(Enable.obs)
199  ISRT._DoSprintf                                    iswi.obl(HelperFuncs.obs)
200  ISRT._EnableDialogCache                            isrt.obl(Enable.obs)
201  ISRT._EnablePrevDialog                             iswi.obl(AdminAskPath.obs)
202  ISRT._EnableSkins                                  isrt.obl(Enable.obs)
203  ISRT._EnableStatus                                 isrt.obl(Enable.obs)
204  ISRT._EnableWow64FsRedirection                     isrt.obl(Enable.obs)
205  ISRT._EndDialog                                    isrt.obl(CustomDialog.obs)
206  ISRT._ExistsDir                                    isrt.obl(Files.obs)
207  ISRT._ExistsFile                                   isrt.obl(Files.obs)
208  ISRT._GenerateFileMD5SignatureHex                  isrt.obl(Files.obs)
209  ISRT._GetCurrentDialogName                         isrt.obl(Dialogs.obs)
210  ISRT._GetDiskSpaceEx                               isrt.obl(GSI.obs)
211  ISRT._GetDiskSpaceExEx                             isrt.obl(SdComponentTreeDlg.obs)
212  ISRT._GetGlobalMemorySize                          isrt.obl(GSI.obs)
213  ISRT._GetInetFileSize                              isrt.obl(Files.obs)
214  ISRT._GetInetFileTime                              isrt.obl(Files.obs)
215  ISRT._GetProcessorInfo                             isrt.obl(OsInfo.obs)
216  ISRT._GetSelectedTreeComponent                     isrt.obl(CmptView.obs)
217  ISRT._GetSupportDir                                isrt.obl(SysVars.obs)
218  ISRT._GetTrueTypeFontFileInfo                      isrt.obl(Misc.obs)
219  ISRT._InetEndofTransfer                            isrt.obl(iftw.obs)
220  ISRT._InetGetNextDisk                              isrt.obl(iftw.obs)
221  ISRT._IsFontTypefaceNameAvailable                  isrt.obl(Is.obs)
222  ISRT._IsSkinLoaded                                 isrt.obl(Is.obs)
223  ISRT._IsWindowsME                                  isrt.obl(GSI.obs)
224  ISRT._IsWow64                                      isrt.obl(OsInfo.obs)
225  ISRT._ListAddItem                                  isrt.obl(scrlist.obs)
226  ISRT._ListAddString                                isrt.obl(scrlist.obs)
227  ISRT._ListCount                                    isrt.obl(scrlist.obs)
228  ISRT._ListCreate                                   isrt.obl(scrlist.obs)
229  ISRT._ListCurrentString                            isrt.obl(scrlist.obs)
230  ISRT._ListDeleteItem                               isrt.obl(scrlist.obs)
231  ISRT._ListDeleteString                             isrt.obl(scrlist.obs)
232  ISRT._ListDestroy                                  isrt.obl(scrlist.obs)
233  ISRT._ListFindString                               isrt.obl(scrlist.obs)
234  ISRT._ListGetFirstItem                             isrt.obl(scrlist.obs)
235  ISRT._ListGetFirstString                           isrt.obl(scrlist.obs)
236  ISRT._ListGetNextItem                              isrt.obl(scrlist.obs)
237  ISRT._ListGetNextString                            isrt.obl(scrlist.obs)
238  ISRT._ListGetType                                  isrt.obl(scrlist.obs)
239  ISRT._ListSetIndex                                 isrt.obl(scrlist.obs)
240  ISRT._MediaGetInfo                                 iswi.obl(FeatureConv.obs)
241  ISRT._OnUninstPriv                                 setup.obs
242  ISRT._OpenFile                                     isrt.obl(Files.obs)
243  ISRT._Preprogram                                   setup.obs
244  ISRT._Rebooted                                     setup.obs
245  ISRT._RegCreateKey                                 isrt.obl(Registry.obs)
246  ISRT._RegDeleteKey                                 isrt.obl(Registry.obs)
247  ISRT._RegDeleteValue                               isrt.obl(Registry.obs)
248  ISRT._RegEnableTextSubs                            isrt.obl(Enable.obs)
249  ISRT._RegEnum                                      isrt.obl(Registry.obs)
250  ISRT._RegGetOptions                                isrt.obl(SysVars.obs)
251  ISRT._RegIsRemoteRegConnected                      isrt.obl(Is.obs)
252  ISRT._RegQueryKeyBinaryValue                       isrt.obl(Registry.obs)
253  ISRT._RegQueryKeyValue                             isrt.obl(Registry.obs)
254  ISRT._RegSetKeyBinaryValue                         isrt.obl(Registry.obs)
255  ISRT._RegSetKeyValue                               isrt.obl(Registry.obs)
256  ISRT._RegSetOptions                                isrt.obl(SysVars.obs)
257  ISRT._ReleaseDialog                                isrt.obl(CustomDialog.obs)
258  ISRT._SdShowMsg                                    isrt.obl(SDSMSG.obs)
259  ISRT._SetAltMainImage                              isrt.obl(Dialogs.obs)
260  ISRT._SetDisplayEffect                             isrt.obl(ui.obs)
261  ISRT._SetPaletteFile                               isrt.obl(MIO.obs)
262  ISRT._SetSilentSdShowMsg                           isrt.obl(Enable.obs)
263  ISRT._SetTitle                                     isrt.obl(ui.obs)
264  ISRT._SetupInet                                    isrt.obl(MIO.obs)
265  ISRT._SetupTraceWrite                              isrt.obl(Misc.obs)
266  ISRT._StatusUpdate                                 isrt.obl(ui.obs)
267  ISRT._TreeViewCreate                               isrt.obl(CmptView.obs)
268  ISRT._WaitOnDialog                                 isrt.obl(CustomDialog.obs)
269  ISRT._WriteLine                                    isrt.obl(Files.obs)
270  ISRT.__CreateObjectContext                         isrt.obl(ISRTInit.obs)
271  ISRT.__GetCmdLineOptions                           isrt.obl(ISRTInit.obs)
272  ISRT.__GetContextGUID                              isrt.obl(ISRTInit.obs)
273  ISRT.__GetEnabledIServices                         isrt.obl(SysVars.obs)
274  ISRT.__GetFileRegistrar                            isrt.obl(ISRTInit.obs)
275  ISRT.__GetInfo                                     isrt.obl(ISRTInit.obs)
276  ISRT.__GetInstallGuid                              isrt.obl(SysVars.obs)
277  ISRT.__GetLog                                      isrt.obl(SysVars.obs)
278  ISRT.__GetLogDB                                    isrt.obl(ISRTInit.obs)
279  ISRT.__GetLogEx                                    isrt.obl(SysVars.obs)
280  ISRT.__GetMainWindow                               setup.obs
281  ISRT.__GetMaintOption                              isrt.obl(SysVars.obs)
282  ISRT.__GetMaintenanceMode                          isrt.obl(SysVars.obs)
283  ISRT.__GetObjects                                  isrt.obl(ISRTInit.obs)
284  ISRT.__GetProductGuid                              isrt.obl(SysVars.obs)
285  ISRT.__GetProgress                                 setup.obs
286  ISRT.__GetReboot                                   isrt.obl(ISRTInit.obs)
287  ISRT.__GetReinstallMode                            isrt.obl(SysVars.obs)
288  ISRT.__GetRemoveAllMode                            isrt.obl(SysVars.obs)
289  ISRT.__GetTextSub                                  isrt.obl(ISRTInit.obs)
290  ISRT.__GetUpdateMode                               isrt.obl(SysVars.obs)
291  ISRT.__GetUser                                     isrt.obl(MIO.obs)
292  ISRT.__ISRTGetPropertyBag                          ifx.obl(PersistPropertyBag.obs)
293  ISRT.__ISRTReleasePropertyBag                      ifx.obl(PersistPropertyBag.obs)
294  ISRT.__PutEnabledIServices                         isrt.obl(Enable.obs)
295  ISRT.__ReleaseObjectContext                        isrt.obl(ISRTInit.obs)
296  ISRT.__RestoreMainLog                              isrt.obl(ISRTInit.obs)
297  ISRT.__RestoreMainLogEx                            isrt.obl(ISRTInit.obs)
298  ISRT.__SetComponentLog                             isrt.obl(ISRTInit.obs)
299  ISRT.__SetUpdateMode                               isrt.obl(SysVars.obs)
300  ISRTHandleScriptException                          isrt.obl(Misc.obs)
301  ISRTOnUninstPriv                                   isrt.obl(Driver.obs)
302  ISRTPreprogram                                     isrt.obl(Driver.obs)
303  ISWIOnAppSearch                                    iswi.obl(DriverConv.obs)
304  ISWIOnCCPSearch                                    iswi.obl(DriverConv.obs)
305  ISWIOnExitInstall                                  iswi.obl(DriverConv.obs)
306  ISWIOnFirstUIAfter                                 iswi.obl(DriverConv.obs)
307  ISWIOnFirstUIBefore                                iswi.obl(DriverConv.obs)
308  ISWIOnInitInstall                                  iswi.obl(DriverConv.obs)
309  ISWIOnMaintUIAfter                                 iswi.obl(DriverConv.obs)
310  ISWIOnMaintUIBefore                                iswi.obl(DriverConv.obs)
311  ISWIOnMoveData                                     iswi.obl(DriverConv.obs)
312  ISWIOnResumeUIAfter                                iswi.obl(DriverConv.obs)
313  ISWIOnResumeUIBefore                               iswi.obl(DriverConv.obs)
314  ISWIPCRestoreAfter                                 iswi.obl(DriverConv.obs)
315  ISWIPCRestoreBefore                                iswi.obl(DriverConv.obs)
316  ISWIPostprogram                                    iswi.obl(DriverConv.obs)
317  ISWIPreprogram                                     iswi.obl(DriverConv.obs)
318  IfxFilterComponents                                ifx.obl(EventsSetupPriv.obs)
319  IfxFinalConstruct                                  ifx.obl(EventsSetupPriv.obs)
320  IfxFinalRelease                                    ifx.obl(EventsSetupPriv.obs)
321  IfxInitProperties                                  ifx.obl(PersistPropertyBag.obs)
322  IfxOnAbortInstall                                  ifx.obl(EventsPriv.obs)
323  IfxOnAppSearch                                     ifx.obl(EventsPriv.obs)
324  IfxOnCCPSearch                                     ifx.obl(EventsPriv.obs)
325  IfxOnCanceling                                     ifx.obl(EventsPriv.obs)
326  IfxOnDisk1Installed                                ifx.obl(EventsSetupPriv.obs)
327  IfxOnDisk1Installing                               ifx.obl(EventsSetupPriv.obs)
328  IfxOnExitInstall                                   ifx.obl(EventsSetupPriv.obs)
329  IfxOnFileError                                     ifx.obl(EventsSetupPriv.obs)
330  IfxOnFileLocked                                    ifx.obl(EventsSetupPriv.obs)
331  IfxOnFileReadOnly                                  ifx.obl(EventsSetupPriv.obs)
332  IfxOnGeneralScriptOp                               ifx.obl(EventsPriv.obs)
333  IfxOnHelp                                          ifx.obl(EventsPriv.obs)
334  IfxOnInitInstall                                   ifx.obl(EventsSetupPriv.obs)
335  IfxOnInternetError                                 ifx.obl(EventsSetupPriv.obs)
336  IfxOnMD5Error                                      ifx.obl(EventsSetupPriv.obs)
337  IfxOnNextDisk                                      ifx.obl(EventsSetupPriv.obs)
338  IfxOnRebooted                                      ifx.obl(EventsPriv.obs)
339  IfxOnRemovingSharedFile                            ifx.obl(EventsSetupPriv.obs)
340  IfxOnShowWizardPages                               ifx.obl(EventsSetupPriv.obs)
341  IfxOnTransferred                                   ifx.obl(EventsPriv.obs)
342  IfxOnTransferring                                  ifx.obl(EventsSetupPriv.obs)
343  IfxOnUnhandledException                            ifx.obl(EventsPriv.obs)
344  IfxOnUninst                                        ifx.obl(EventsSetupPriv.obs)
345  IfxOnUninstPriv                                    ifx.obl(EventsSetupPriv.obs)
346  IfxPostprogram                                     ifx.obl(EventsSetupPriv.obs)
347  IfxPreprogram                                      ifx.obl(EventsSetupPriv.obs)
348  IfxReadProperties                                  ifx.obl(PersistPropertyBag.obs)
349  IfxRunAfterReboot                                  ifx.obl(EventsSetupPriv.obs)
350  IfxWriteProperties                                 ifx.obl(PersistPropertyBag.obs)
351  IncFeature                                         setup.obs
352  InetEndofTransfer                                  isrt.obl(iftw.obs)
353  InetNextDisk                                       isrt.obl(iftw.obs)
354  InitProperties                                     ifx.obl(PersistPropertyBag.obs)
355  InstallFilesActionAfter                            iswi.obl(FileTransferFuncsConv.obs)
356  InstallFilesActionBefore                           iswi.obl(FileTransferFuncsConv.obs)
357  Is                                                 isrt.obl(Is.obs)
358  IsBitSet                                           setup.obs
359  IsInetInstall                                      isrt.obl(iftw.obs)
360  IsTestSetup                                        iswi.obl(HelperFuncs.obs)
361  KERNEL.GetModuleHandle                             setup.obs
362  KERNEL32.CloseHandle                               setup.obs
363  KERNEL32.CreateFileA                               setup.obs
364  KERNEL32.CreateProcess                             setup.obs
365  KERNEL32.DeleteFileA                               setup.obs
366  KERNEL32.FileTimeToLocalFileTime                   setup.obs
367  KERNEL32.FileTimeToSystemTime                      setup.obs
368  KERNEL32.FindClose                                 setup.obs
369  KERNEL32.FindFirstFileA                            setup.obs
370  KERNEL32.FindNextFileA                             setup.obs
371  KERNEL32.FormatMessageA                            setup.obs
372  KERNEL32.FreeLibrary                               setup.obs
373  KERNEL32.GetCurrentDirectoryA                      setup.obs
374  KERNEL32.GetDriveType                              setup.obs
375  KERNEL32.GetExitCodeProcess                        setup.obs
376  KERNEL32.GetFileAttributesA                        setup.obs
377  KERNEL32.GetLocalTime                              setup.obs
378  KERNEL32.GetLocaleInfo                             setup.obs
379  KERNEL32.GetPrivateProfileSectionA                 setup.obs
380  KERNEL32.GetPrivateProfileString                   setup.obs
381  KERNEL32.GetPrivateProfileStringA                  setup.obs
382  KERNEL32.GetProcAddress                            setup.obs
383  KERNEL32.GetProfileStringA                         setup.obs
384  KERNEL32.GetShortPathNameA                         setup.obs
385  KERNEL32.GetSystemDefaultLCID                      setup.obs
386  KERNEL32.GetSystemDefaultLangID                    setup.obs
387  KERNEL32.GetSystemDefaultUILanguage                setup.obs
388  KERNEL32.GetTickCount                              setup.obs
389  KERNEL32.GetUserDefaultLangID                      setup.obs
390  KERNEL32.GetVersion                                setup.obs
391  KERNEL32.GetVersionEx                              setup.obs
392  KERNEL32.GetVolumeInformation                      setup.obs
393  KERNEL32.GetWindowsDirectory                       setup.obs
394  KERNEL32.LoadLibraryA                              setup.obs
395  KERNEL32.SetCurrentDirectoryA                      setup.obs
396  KERNEL32.SetFileAttributesA                        setup.obs
397  KERNEL32.Sleep                                     setup.obs
398  KERNEL32.WritePrivateProfileString                 setup.obs
399  KERNEL32.WritePrivateProfileStringA                setup.obs
400  KERNEL32.WriteProfileStringA                       setup.obs
401  KERNEL32.lstrlen                                   setup.obs
402  Kernel32.GetModuleHandleA                          iswi.obl(ComponentConv.obs)
403  LOBYTE                                             isrt.obl(Misc.obs)
404  LOWORD                                             isrt.obl(Misc.obs)
405  LaunchAgent                                        iswi.obl(HelperFuncs.obs)
406  LaunchApp                                          isrt.obl(Extend.obs)
407  LaunchAppAndWait                                   isrt.obl(Extend.obs)
408  LaunchAppAndWaitInitStartupInfo                    isrt.obl(Extend.obs)
409  ListAddItem                                        isrt.obl(scrlist.obs)
410  ListAddString                                      isrt.obl(scrlist.obs)
411  ListCount                                          isrt.obl(scrlist.obs)
412  ListCreate                                         isrt.obl(scrlist.obs)
413  ListCurrentString                                  isrt.obl(scrlist.obs)
414  ListDeleteItem                                     isrt.obl(scrlist.obs)
415  ListDeleteString                                   isrt.obl(scrlist.obs)
416  ListDestroy                                        isrt.obl(scrlist.obs)
417  ListFindString                                     isrt.obl(scrlist.obs)
418  ListGetFirstItem                                   isrt.obl(scrlist.obs)
419  ListGetFirstString                                 isrt.obl(scrlist.obs)
420  ListGetLastString                                  iswi.obl(CompHelperFuncs.obs)
421  ListGetNextItem                                    isrt.obl(scrlist.obs)
422  ListGetNextString                                  isrt.obl(scrlist.obs)
423  ListGetType                                        isrt.obl(scrlist.obs)
424  ListSetIndex                                       isrt.obl(scrlist.obs)
425  ListValid                                          isrt.obl(scrlist.obs)
426  ListValidType                                      isrt.obl(scrlist.obs)
427  LoadStringFromStringTable                          iswi.obl(ISWiInit.obs)
428  LogReadCustomString                                isrt.obl(Misc.obs)
429  LogReadCustomVariant                               isrt.obl(Misc.obs)
430  LogWriteCustomString                               isrt.obl(Misc.obs)
431  LogWriteCustomVariant                              isrt.obl(Misc.obs)
432  LongPathFromShortPath                              isrt.obl(Str.obs)
433  LongPathToQuote                                    isrt.obl(Str.obs)
434  LongPathToShortPath                                isrt.obl(Str.obs)
435  MAKELONG                                           isrt.obl(Misc.obs)
436  MIFCreateMIFFile                                   isrt.obl(MIF.obs)
437  MIFDeleteMIFFile                                   isrt.obl(MIF.obs)
438  MIFInitialize                                      isrt.obl(MIF.obs)
439  MIFSetInformation                                  isrt.obl(MIF.obs)
440  MIFUnInitialize                                    isrt.obl(MIF.obs)
441  MIFWasSetInformationCalled                         isrt.obl(MIF.obs)
442  MIOShutdown                                        isrt.obl(MIO.obs)
443  MIOStartup                                         isrt.obl(MIO.obs)
444  MaintenanceStart                                   isrt.obl(Registry.obs)
445  MediaGetData                                       iswi.obl(FeatureConv.obs)
446  MediaGetDataEx                                     iswi.obl(FeatureConv.obs)
447  MessageBeep                                        isrt.obl(Misc.obs)
448  MessageBox                                         isrt.obl(MsgBox.obs)
449  MessageBoxEx                                       isrt.obl(MsgBox.obs)
450  Moved                                              iswi.obl(FileTransferFuncsConv.obs)
451  Moving                                             iswi.obl(FileTransferFuncsConv.obs)
452  MsgBox                                             setup.obs
453  MsiCloseHandle                                     iswi.obl(MsiFuncsConv.obs)
454  MsiCreateRecord                                    iswi.obl(MsiFuncsConv.obs)
455  MsiDatabaseOpenView                                iswi.obl(MsiFuncsConv.obs)
456  MsiDoAction                                        iswi.obl(MsiFuncsConv.obs)
457  MsiGetActiveDatabase                               iswi.obl(MsiFuncsConv.obs)
458  MsiGetProperty                                     iswi.obl(MsiFuncsConv.obs)
459  MsiGetPropertyIS                                   iswi.obl(MsiFuncsConv.obs)
460  MsiGetSourcePath                                   iswi.obl(MsiFuncsConv.obs)
461  MsiGetTargetPath                                   iswi.obl(MsiFuncsConv.obs)
462  MsiInstallProduct                                  iswi.obl(MsiFuncsConv.obs)
463  MsiProcessMessage                                  iswi.obl(MsiFuncsConv.obs)
464  MsiQueryFeatureState                               iswi.obl(MsiFuncsConv.obs)
465  MsiRecordGetInteger                                iswi.obl(MsiFuncsConv.obs)
466  MsiRecordGetString                                 iswi.obl(MsiFuncsConv.obs)
467  MsiRecordSetString                                 iswi.obl(MsiFuncsConv.obs)
468  MsiSetProperty                                     iswi.obl(MsiFuncsConv.obs)
469  MsiSetTargetPath                                   iswi.obl(MsiFuncsConv.obs)
470  MsiViewExecute                                     iswi.obl(MsiFuncsConv.obs)
471  MsiViewFetch                                       iswi.obl(MsiFuncsConv.obs)
472  OnAbort                                            iswi.obl(DriverConv.obs)
473  OnAction                                           iswi.obl(ISWiInit.obs)
474  OnAdminInstallUIAfter                              iswi.obl(DriverConv.obs)
475  OnAdminInstallUIBefore                             iswi.obl(DriverConv.obs)
476  OnAdminPatchUIAfter                                iswi.obl(DriverConv.obs)
477  OnAdminPatchUIBefore                               iswi.obl(DriverConv.obs)
478  OnAdvertisementAfter                               iswi.obl(DriverConv.obs)
479  OnAdvertisementBefore                              iswi.obl(DriverConv.obs)
480  OnAppSearch                                        iswi.obl(DriverConv.obs)
481  OnBegin                                            iswi.obl(DriverConv.obs)
482  OnCCPSearch                                        iswi.obl(DriverConv.obs)
483  OnCanceling                                        iswi.obl(DriverConv.obs)
484  OnCheckMediaPassword                               ifx.obl(EventsSetup.obs)
485  OnComponentError                                   iswi.obl(Exceptions.obs)
486  OnCustomizeUninstInfo                              ifx.obl(EventsSetup.obs)
487  OnDIFxLogCallback                                  isrt.obl(ISDIFx.obs)
488  OnDIFxLogCallbackImpl                              isrt.obl(ISDIFx.obs)
489  OnEnd                                              iswi.obl(DriverConv.obs)
490  OnError                                            iswi.obl(DriverConv.obs)
491  OnException                                        iswi.obl(Exceptions.obs)
492  OnFeaturesInstalled                                iswi.obl(FileTransferFuncsConv.obs)
493  OnFeaturesInstalling                               iswi.obl(FileTransferFuncsConv.obs)
494  OnFileError                                        iswi.obl(Exceptions.obs)
495  OnFileLocked                                       iswi.obl(Exceptions.obs)
496  OnFileReadOnly                                     iswi.obl(Exceptions.obs)
497  OnFilesInUse                                       iswi.obl(DriverConv.obs)
498  OnFilterComponents                                 ifx.obl(EventsSetup.obs)
499  OnFirstUIAfter                                     iswi.obl(DriverConv.obs)
500  OnFirstUIBefore                                    iswi.obl(DriverConv.obs)
501  OnGeneratedMSIScript                               iswi.obl(FileTransferFuncsConv.obs)
502  OnGeneratingMSIScript                              iswi.obl(FileTransferFuncsConv.obs)
503  OnHelp                                             iswi.obl(DriverConv.obs)
504  OnIISAppPoolUninstalling                           ifx.obl(EventsPriv.obs)
505  OnIISCheckRequirements                             ifx.obl(EventsPriv.obs)
506  OnIISComponentInstalled                            ifx.obl(EventsPriv.obs)
507  OnIISInitialize                                    ifx.obl(EventsPriv.obs)
508  OnIISUninitialize                                  ifx.obl(EventsPriv.obs)
509  OnIISVRootUninstalling                             ifx.obl(EventsPriv.obs)
510  OnIISWebServiceExtensionUninstalling               ifx.obl(EventsPriv.obs)
511  OnInstallDRMService                                isrt.obl(Activation.obs)
512  OnInstallFilesActionAfter                          iswi.obl(FileTransferFuncsConv.obs)
513  OnInstallFilesActionBefore                         iswi.obl(FileTransferFuncsConv.obs)
514  OnInstalledFile                                    ifx.obl(EventsSetup.obs)
515  OnInstalledFontFile                                ifx.obl(EventsSetup.obs)
516  OnInstallingFile                                   ifx.obl(EventsSetup.obs)
517  OnInternetError                                    iswi.obl(Exceptions.obs)
518  OnLaunchAppAndWaitCallback                         iswi.obl(DriverConv.obs)
519  OnLogonUserSetMsiProperties                        iswi.obl(DriverConv.obs)
520  OnMD5Error                                         iswi.obl(Exceptions.obs)
521  OnMaintUIAfter                                     iswi.obl(DriverConv.obs)
522  OnMaintUIBefore                                    iswi.obl(DriverConv.obs)
523  OnMaintenance                                      iswi.obl(DriverConv.obs)
524  OnMoveData                                         ifx.obl(EventsSetup.obs)
525  OnMoved                                            iswi.obl(FileTransferFuncsConv.obs)
526  OnMoving                                           iswi.obl(FileTransferFuncsConv.obs)
527  OnMsiSilentInstall                                 iswi.obl(DriverConv.obs)
528  OnNetApiCreateUserAccount                          ifx.obl(EventsSetup.obs)
529  OnNetApiCreateUserAccountInternal                  isrt.obl(NetApiRT.obs)
530  OnNextDisk                                         iswi.obl(Exceptions.obs)
531  OnOutOfDiskSpace                                   iswi.obl(DriverConv.obs)
532  OnPatchUIAfter                                     iswi.obl(DriverConv.obs)
533  OnPatchUIBefore                                    iswi.obl(DriverConv.obs)
534  OnRebooted                                         iswi.obl(DriverConv.obs)
535  OnRemovingSharedFile                               iswi.obl(Exceptions.obs)
536  OnResolveSource                                    iswi.obl(DriverConv.obs)
537  OnResume                                           iswi.obl(DriverConv.obs)
538  OnResumeUIAfter                                    iswi.obl(DriverConv.obs)
539  OnResumeUIBefore                                   iswi.obl(DriverConv.obs)
540  OnSQLBatchScripts                                  ifx.obl(EventsPriv.obs)
541  OnSQLComponentInstalled                            ifx.obl(EventsPriv.obs)
542  OnSQLComponentUninstalled                          ifx.obl(EventsPriv.obs)
543  OnSQLLogin                                         iswi.obl(DriverConv.obs)
544  OnSQLServerInitialize                              ifx.obl(EventsPriv.obs)
545  OnSQLServerInitializeMaint                         ifx.obl(EventsPriv.obs)
546  OnSelfRegistrationError                            iswi.obl(Exceptions.obs)
547  OnSetTARGETDIR                                     ifx.obl(EventsSetup.obs)
548  OnSetUpdateMode                                    ifx.obl(EventsSetup.obs)
549  OnShowUI                                           ifx.obl(EventsSetup.obs)
550  OnUnInstallDRMService                              isrt.obl(Activation.obs)
551  OnUnhandledException                               iswi.obl(DriverConv.obs)
552  OnUninstall                                        iswi.obl(DriverConv.obs)
553  OnUninstalledFile                                  ifx.obl(EventsSetup.obs)
554  OnUninstallingDIFxDriverFile                       ifx.obl(EventsSetup.obs)
555  OnUninstallingFile                                 ifx.obl(EventsSetup.obs)
556  OnUninstallingFontFile                             ifx.obl(EventsSetup.obs)
557  OnUpdateService                                    iswi.obl(DriverConv.obs)
558  OnUpdateUIAfter                                    ifx.obl(EventsSetup.obs)
559  OnUpdateUIBefore                                   ifx.obl(EventsSetup.obs)
560  OnWarning                                          iswi.obl(DriverConv.obs)
561  OnXMLComponentInstalled                            ifx.obl(EventsPriv.obs)
562  OnXMLComponentUninstalling                         ifx.obl(EventsPriv.obs)
563  OnXMLInitialize                                    ifx.obl(EventsPriv.obs)
564  OnXMLUninitialize                                  ifx.obl(EventsPriv.obs)
565  OpenFile                                           isrt.obl(Files.obs)
566  OpenFileMode                                       isrt.obl(Files.obs)
567  PCRestoreInit                                      isrt.obl(PCRestore.obs)
568  PCRestoreOnAbort                                   isrt.obl(PCRestore.obs)
569  PCRestoreOnBegin                                   isrt.obl(PCRestore.obs)
570  PCRestoreOnExit                                    isrt.obl(PCRestore.obs)
571  ParsePath                                          isrt.obl(Str.obs)
572  PostShowComponentDlg                               iswi.obl(ISWiInit.obs)
573  Postprogram                                        iswi.obl(DriverConv.obs)
574  PreShowComponentDlg                                iswi.obl(ISWiInit.obs)
575  Preprogram                                         iswi.obl(DriverConv.obs)
576  ProgDefGroupType                                   isrt.obl(Shell.obs)
577  ProgGetGroupType                                   isrt.obl(Shell.obs)
578  PthFixPath                                         isrt.obl(Pth.obs)
579  PthIsAbsPath                                       isrt.obl(Pth.obs)
580  ReadInstallProperties                              setup.obs
581  ReadProperties                                     ifx.obl(PersistPropertyBag.obs)
582  RebootNeeded                                       iswi.obl(FileTransferFuncsConv.obs)
583  Rebooted                                           isrt.obl(Driver.obs)
584  RedirectMsiCloseHandle                             iswi.obl(RedirectedMsiFuncsConv.obs)
585  RedirectMsiCreateRecord                            iswi.obl(RedirectedMsiFuncsConv.obs)
586  RedirectMsiGetActiveDatabase                       iswi.obl(RedirectedMsiFuncsConv.obs)
587  RedirectMsiProcessMessage                          iswi.obl(RedirectedMsiFuncsConv.obs)
588  RedirectMsiRecordGetInteger                        iswi.obl(RedirectedMsiFuncsConv.obs)
589  RedirectMsiViewExecute                             iswi.obl(RedirectedMsiFuncsConv.obs)
590  RedirectMsiViewFetch                               iswi.obl(RedirectedMsiFuncsConv.obs)
591  RegDBDeleteKey                                     isrt.obl(Registry.obs)
592  RegDBDeleteValue                                   isrt.obl(Registry.obs)
593  RegDBGetDefaultRoot                                isrt.obl(SysVars.obs)
594  RegDBGetItem                                       isrt.obl(Registry.obs)
595  RegDBGetKeyValueEx                                 isrt.obl(Registry.obs)
596  RegDBQueryKey                                      isrt.obl(Registry.obs)
597  RegDBQueryKeyCount                                 isrt.obl(Registry.obs)
598  RegDBQueryStringMultiStringCount                   isrt.obl(Registry.obs)
599  RegDBQueryValue                                    isrt.obl(Registry.obs)
600  RegDBQueryValue32                                  isrt.obl(Registry.obs)
601  RegDBSetDefaultRoot                                isrt.obl(SysVars.obs)
602  RegDBSetItem                                       isrt.obl(Registry.obs)
603  RegDBSetKeyValueEx                                 isrt.obl(Registry.obs)
604  RegDBSetValue                                      isrt.obl(Registry.obs)
605  RegDBSetValue32                                    isrt.obl(Registry.obs)
606  RegDBSetVersion                                    isrt.obl(Registry.obs)
607  RegisterFontResource                               isrt.obl(Misc.obs)
608  ReleaseDialog                                      isrt.obl(CustomDialog.obs)
609  RemoveRegistryKeys                                 setup.obs
610  RemoveSpaces                                       iswi.obl(HelperFuncs.obs)
611  ResolveShellObjectsFolder                          iswi.obl(CompHelperFuncs.obs)
612  RunExeInstallToSystemFolder                        setup.obs
613  RunExeInstalls                                     setup.obs
614  RunInstalledApplication                            setup.obs
615  SdAskDestPath                                      isrt.obl(SdAskDestPathDlg.obs)
616  SdCloseDlg                                         isrt.obl(SDINT.obs)
617  SdComponentDlgCheckSpace                           isrt.obl(SDINT.obs)
618  SdCustomerInformation                              iswi.obl(SdCustInfo.obs)
619  SdDlgToTop                                         isrt.obl(SDINT.obs)
620  SdDoStdButton                                      isrt.obl(SDINT.obs)
621  SdEnablement                                       isrt.obl(SDINT.obs)
622  SdError                                            isrt.obl(SDINT.obs)
623  SdExceptionsInit                                   isrt.obl(SdExceptions.obs)
624  SdFeatureTree                                      isrt.obl(SdComponentTreeDlg.obs)
625  SdFilesInUse                                       iswi.obl(SdFilesInUse.obs)
626  SdFinish                                           isrt.obl(SdFinishDlg.obs)
627  SdFinishEx                                         iswi.obl(SdFinishExConv.obs)
628  SdFinishReboot                                     isrt.obl(SdFinishRebootDlg.obs)
629  SdFinishUpdate                                     iswi.obl(SdFinishUpdate.obs)
630  SdFinishUpdateReboot                               iswi.obl(SdFinUpdateRebot.obs)
631  SdGeneralInit                                      isrt.obl(SDINT.obs)
632  SdInit                                             isrt.obl(SDINT.obs)
633  SdIsStdButton                                      isrt.obl(SDINT.obs)
634  SdLoadString                                       isrt.obl(SDINT.obs)
635  SdMakeName                                         isrt.obl(SDINT.obs)
636  SdOutOfDiskSpace                                   iswi.obl(SdDiskReqs.obs)
637  SdPatchWelcome                                     iswi.obl(SdPatchWel.obs)
638  SdPlugInProductName                                isrt.obl(SDINT.obs)
639  SdSetDlgTitle                                      isrt.obl(SDINT.obs)
640  SdSetStatic                                        isrt.obl(SDINT.obs)
641  SdSetupCompleteError                               iswi.obl(SdSetupCompleteError.obs)
642  SdShowMsg                                          isrt.obl(SDSMSG.obs)
643  SdStartCopy                                        isrt.obl(SdStartCopyDlg.obs)
644  SdSubstituteProductInfo                            isrt.obl(SDINT.obs)
645  SdUnInit                                           isrt.obl(SDINT.obs)
646  SdWelcome                                          isrt.obl(SdWelcomeDlg.obs)
647  SdWelcomeMaint                                     isrt.obl(SdWelcomeMaintDlg.obs)
648  SelectDir                                          isrt.obl(SelectDir.obs)
649  SelectDirNoLog                                     isrt.obl(SelectDir.obs)
650  SendMessage                                        isrt.obl(Misc.obs)
651  ServiceInitParams                                  isrt.obl(Service.obs)
652  SetALLUSERS                                        setup.obs
653  SetCmdLine                                         isrt.obl(SysVars.obs)
654  SetConfigOptions                                   setup.obs
655  SetDialogTitle                                     isrt.obl(Dialogs.obs)
656  SetDisplayEffect                                   isrt.obl(ui.obs)
657  SetExtendedErrInfo                                 isrt.obl(IsUtil.obs)
658  SetFolderDesktop                                   isrt.obl(SysVars.obs)
659  SetFolderPrograms                                  isrt.obl(SysVars.obs)
660  SetFolderStartMenu                                 isrt.obl(SysVars.obs)
661  SetFolderStartup                                   isrt.obl(SysVars.obs)
662  SetGlobalVars                                      iswi.obl(ISWiInit.obs)
663  SetInstallProperties                               setup.obs
664  SetInstallPropertiesRepair                         setup.obs
665  SetInstallationInfo                                isrt.obl(Registry.obs)
666  SetMifInformationOnly                              isrt.obl(Registry.obs)
667  SetOption                                          setup.obs
668  SetProperty                                        setup.obs
669  SetReinstallProps                                  setup.obs
670  SetStatus                                          ifx.obl(EventsSetupPriv.obs)
671  SetStatusEx                                        ifx.obl(EventsSetupPriv.obs)
672  SetStatusExStaticText                              isrt.obl(ui.obs)
673  SetStatusWindow                                    isrt.obl(ui.obs)
674  SetTitle                                           isrt.obl(ui.obs)
675  SetUpdateStatus                                    iswi.obl(HelperFuncs.obs)
676  SetUpdateStatusReboot                              iswi.obl(HelperFuncs.obs)
677  SetupTraceWrite                                    isrt.obl(Misc.obs)
678  SetupType                                          isrt.obl(SetupTypeDlg.obs)
679  ShowObjWizardPages                                 iswi.obl(ObjectsConv.obs)
680  SilentCreateFile                                   isrt.obl(Silent.obs)
681  SilentDoGeneralInfo                                isrt.obl(Silent.obs)
682  SilentFailed                                       isrt.obl(Silent.obs)
683  SilentFinish                                       isrt.obl(Silent.obs)
684  SilentInit                                         isrt.obl(Silent.obs)
685  SilentLogWriteData                                 isrt.obl(Silent.obs)
686  SilentReadData                                     isrt.obl(Silent.obs)
687  SilentSetInfo                                      isrt.obl(Silent.obs)
688  SilentSetMode                                      isrt.obl(Silent.obs)
689  SilentWriteData                                    isrt.obl(Silent.obs)
690  Sprintf                                            isrt.obl(Str.obs)
691  SprintfBox                                         isrt.obl(MsgBox.obs)
692  SprintfMsiLog                                      iswi.obl(HelperFuncs.obs)
693  StatusUpdate                                       isrt.obl(ui.obs)
694  StrAddLastSlash                                    isrt.obl(Str.obs)
695  StrDelete                                          iswi.obl(HelperFuncs.obs)
696  StrFindEx                                          isrt.obl(Str.obs)
697  StrGetTokens                                       isrt.obl(Str.obs)
698  StrLength                                          isrt.obl(Str.obs)
699  StrRemoveLastSlash                                 isrt.obl(Str.obs)
700  StrRemoveSpaces                                    isrt.obl(Str.obs)
701  StrReplace                                         isrt.obl(Str.obs)
702  StrToNumHex                                        isrt.obl(Str.obs)
703  StrToUpper                                         isrt.obl(Str.obs)
704  SysVarsInit                                        isrt.obl(SysVars.obs)
705  SysVarsInitConv                                    iswi.obl(SysVarsConv.obs)
706  SysVarsTrace                                       isrt.obl(SysVars.obs)
707  SysVarsUnInit                                      iswi.obl(SysVarsConv.obs)
708  System                                             isrt.obl(Misc.obs)
709  TextSubGetValue                                    isrt.obl(TextSub.obs)
710  TextSubParseTextSub                                isrt.obl(TextSub.obs)
711  TextSubSetValue                                    isrt.obl(TextSub.obs)
712  TextSubSubstitute                                  isrt.obl(TextSub.obs)
713  TreeViewCreate                                     isrt.obl(CmptView.obs)
714  USER.EnableWindow                                  setup.obs
715  USER.GetClassName                                  setup.obs
716  USER.GetDC                                         setup.obs
717  USER.GetDlgItem                                    setup.obs
718  USER.GetFocus                                      setup.obs
719  USER.GetWindowLong                                 setup.obs
720  USER.IsIconic                                      setup.obs
721  USER.IsWindow                                      setup.obs
722  USER.IsWindowVisible                               setup.obs
723  USER.PostMessage                                   setup.obs
724  USER.ReleaseDC                                     setup.obs
725  USER.SendMessageA                                  setup.obs
726  USER.SetFocus                                      setup.obs
727  USER.SetForegroundWindow                           setup.obs
728  USER.SetWindowPos                                  setup.obs
729  USER.SetWindowText                                 setup.obs
730  USER.ShowWindow                                    setup.obs
731  USER32.CharUpperBuffA                              setup.obs
732  USER32.DispatchMessage                             setup.obs
733  USER32.FindWindowA                                 setup.obs
734  USER32.GetDlgItem                                  iswi.obl(SdDiskReqs.obs)
735  USER32.GetSystemMetrics                            setup.obs
736  USER32.GetWindowRect                               iswi.obl(SdDiskReqs.obs)
737  USER32.GetWindowText                               setup.obs
738  USER32.GetWindowTextLength                         setup.obs
739  USER32.MessageBoxA                                 setup.obs
740  USER32.MsgWaitForMultipleObjects                   setup.obs
741  USER32.PeekMessageA                                setup.obs
742  USER32.SendMessageA                                setup.obs
743  USER32.SetWindowLong                               setup.obs
744  USER32.SetWindowRgn                                setup.obs
745  USER32.TranslateMessage                            setup.obs
746  UpdateServiceEnableUpdateService                   isrt.obl(ISUpdateService.obs)
747  UpdateServiceInit                                  isrt.obl(ISUpdateService.obs)
748  UpdateServiceRegisterAfterReboot                   isrt.obl(ISUpdateService.obs)
749  UpdateServiceRegisterProductEx                     isrt.obl(ISUpdateService.obs)
750  User32.DestroyWindow                               iswi.obl(SdDiskReqs.obs)
751  User32.LoadStringA                                 iswi.obl(ComponentConv.obs)
752  VarInit                                            isrt.obl(SysVars.obs)
753  VarRestore                                         iswi.obl(SysVarsConv.obs)
754  VarRestoreISRT                                     isrt.obl(SysVars.obs)
755  VarSave                                            iswi.obl(SysVarsConv.obs)
756  VarSaveISRT                                        isrt.obl(SysVars.obs)
757  VerCompare                                         isrt.obl(version.obs)
758  VerProductCompareVersions                          isrt.obl(version.obs)
759  VerProductGetInstalledVersion                      isrt.obl(version.obs)
760  VerProductIsVersionSupported                       isrt.obl(version.obs)
761  VerProductNumToStr                                 isrt.obl(version.obs)
762  VerProductStrToNum                                 isrt.obl(version.obs)
763  VerProductVerFromVerParts                          isrt.obl(version.obs)
764  VerProductVerPartsFromVer                          isrt.obl(version.obs)
765  VerifySerialNo                                     setup.obs
766  WaitOnDialog                                       isrt.obl(CustomDialog.obs)
767  WizardDirection                                    ifx.obl(EventsSetupPriv.obs)
768  WriteLine                                          isrt.obl(Files.obs)
769  WriteProfInt                                       isrt.obl(Profile.obs)
770  WriteProfString                                    isrt.obl(Profile.obs)
771  WriteProperties                                    ifx.obl(PersistPropertyBag.obs)
772  __AddIntegerToArray                                iswi.obl(HelperFuncs.obs)
773  __AddStringToArray                                 iswi.obl(HelperFuncs.obs)
774  __Begin                                            iswi.obl(DriverConv.obs)
775  __ComponentListItemsEx                             iswi.obl(CompHelperFuncs.obs)
776  __ComponentListItemsExInstall                      iswi.obl(CompHelperFuncs.obs)
777  __ComponentListItemsExUnInstall                    iswi.obl(CompHelperFuncs.obs)
778  __ComponentMoveXferData                            iswi.obl(CompHelperFuncs.obs)
779  __End                                              iswi.obl(DriverConv.obs)
780  __GetFinishMode                                    iswi.obl(ISWiInit.obs)
781  __GetMsiHandle                                     iswi.obl(SysVarsConv.obs)
782  __GetSourceDir                                     iswi.obl(SysVarsConv.obs)
783  __HandleError                                      iswi.obl(ErrHandler.obs)
784  __ISRTDoExit                                       isrt.obl(Misc.obs)
785  __ISRTInit                                         isrt.obl(ISRTInit.obs)
786  __ISRTRestoreMainLog                               isrt.obl(ISRTInit.obs)
787  __ISRTRestoreMainLogEx                             isrt.obl(ISRTInit.obs)
788  __ISRTSetComponentLog                              isrt.obl(ISRTInit.obs)
789  __ISRTUnInit                                       isrt.obl(ISRTInit.obs)
790  __ISWIInit                                         iswi.obl(ISWiInit.obs)
791  __ISWIMsiHandle                                    iswi.obl(ISWiInit.obs)
792  __ISWIUnInit                                       iswi.obl(ISWiInit.obs)
793  __IsArrayEmpty                                     iswi.obl(HelperFuncs.obs)
794  __LoadIScriptString                                isrt.obl(LoadStr.obs)
795  __Moved                                            iswi.obl(FileTransferFuncsConv.obs)
796  __Moving                                           iswi.obl(FileTransferFuncsConv.obs)
797  __MsiOpenView                                      iswi.obl(CompHelperFuncs.obs)
798  __MsiQueryFeatureState                             iswi.obl(MsiWrappersConv.obs)
799  __MsiRecordGetString                               iswi.obl(MsiWrappersConv.obs)
800  __OnAbort                                          iswi.obl(DriverConv.obs)
801  __OnAdminPatch                                     iswi.obl(DriverConv.obs)
802  __OnAdministrativeInstall                          iswi.obl(DriverConv.obs)
803  __OnAdvertisement                                  iswi.obl(DriverConv.obs)
804  __OnBegin                                          iswi.obl(DriverConv.obs)
805  __OnCanceling                                      iswi.obl(DriverConv.obs)
806  __OnEnd                                            iswi.obl(DriverConv.obs)
807  __OnError                                          iswi.obl(DriverConv.obs)
808  __OnMsiMaintenance                                 iswi.obl(DriverConv.obs)
809  __OnMsiRebooted                                    iswi.obl(DriverConv.obs)
810  __OnMsiSilentInstall                               iswi.obl(DriverConv.obs)
811  __OnMsiUninstall                                   iswi.obl(DriverConv.obs)
812  __OnPatch                                          iswi.obl(DriverConv.obs)
813  __OnResume                                         iswi.obl(DriverConv.obs)
814  __OnWarning                                        iswi.obl(DriverConv.obs)
815  __ResetMsiObject                                   iswi.obl(ISWiInit.obs)
816  __SetMaintenance                                   iswi.obl(ISWiInit.obs)
817  __SetMsiHandle                                     iswi.obl(SysVarsConv.obs)
818  __SetMsiServer                                     iswi.obl(ISWiInit.obs)
819  __SetPatch                                         iswi.obl(SysVarsConv.obs)
820  __SetSourceDir                                     iswi.obl(SysVarsConv.obs)
821  isrt._ComponentGetData                             iswi.obl(ComponentConv.obs)
822  isrt._ComponentIsItemSelected                      iswi.obl(ComponentConv.obs)
823  isrt._ComponentListItems                           iswi.obl(ComponentConv.obs)
824  isrt._ComponentReinstall                           iswi.obl(ComponentConv.obs)
825  isrt._ComponentRemoveAll                           iswi.obl(ComponentConv.obs)
826  isrt._ComponentSelectItem                          iswi.obl(ComponentConv.obs)
827  isrt._ComponentSetupTypeSet                        iswi.obl(ComponentConv.obs)
828  isrt._EnableDialogCache                            iswi.obl(ISWiInit.obs)
829  kernel32.GetLocalTime                              iswi.obl(ErrHandler.obs)
830  kernel32.GetWindowsDirectoryA                      iswi.obl(ErrHandler.obs)
831  msi.MsiCloseHandle                                 iswi.obl(RedirectedMsiFuncsConv.obs)
832  msi.MsiCreateRecord                                iswi.obl(RedirectedMsiFuncsConv.obs)
833  msi.MsiDatabaseOpenViewA                           setup.obs
834  msi.MsiDoActionA                                   setup.obs
835  msi.MsiGetActiveDatabase                           iswi.obl(RedirectedMsiFuncsConv.obs)
836  msi.MsiGetProductInfoA                             setup.obs
837  msi.MsiGetPropertyA                                setup.obs
838  msi.MsiGetSourcePathA                              setup.obs
839  msi.MsiGetTargetPathA                              setup.obs
840  msi.MsiOpenDatabaseA                               setup.obs
841  msi.MsiProcessMessage                              iswi.obl(RedirectedMsiFuncsConv.obs)
842  msi.MsiQueryFeatureStateA                          setup.obs
843  msi.MsiRecordGetInteger                            iswi.obl(RedirectedMsiFuncsConv.obs)
844  msi.MsiRecordGetStringA                            setup.obs
845  msi.MsiRecordSetStringA                            setup.obs
846  msi.MsiSetPropertyA                                setup.obs
847  msi.MsiSetTargetPathA                              setup.obs
848  msi.MsiViewExecute                                 iswi.obl(RedirectedMsiFuncsConv.obs)
849  msi.MsiViewFetch                                   iswi.obl(RedirectedMsiFuncsConv.obs)
850  program                                            iswi.obl(DriverConv.obs)
851  sfc.SRSetRestorePoint                              setup.obs


***** External Variables *****
1    ADDREMOVE                                          iswi.obl(HelperFuncs.obs)
2    ADDREMOVE_COMBINEDBUTTON                           setup.obs
3    ADDREMOVE_HIDECHANGEOPTION                         setup.obs
4    ADDREMOVE_HIDEREMOVEOPTION                         setup.obs
5    ADDREMOVE_HIDEREPAIROPTION                         setup.obs
6    ADDREMOVE_STRING_REMOVEONLY                        setup.obs
7    ADDREMOVE_SYSTEMCOMPONENT                          setup.obs
8    ADMINUSER                                          setup.obs
9    ALLUSERS                                           setup.obs
10   AdminToolsFolder                                   iswi.obl(DebugSymbolsConv.obs)
11   AppDataFolder                                      iswi.obl(DebugSymbolsConv.obs)
12   BATCH_INSTALL                                      setup.obs
13   CMDLINE                                            iswi.obl(HelperFuncs.obs)
14   CMPTFILTERLANGOBJ                                  iswi.obl(CompHelperFuncs.obs)
15   COMMONFILES                                        iswi.obl(HelperFuncs.obs)
16   COMMONFILES64                                      iswi.obl(HelperFuncs.obs)
17   CommonAppDataFolder                                iswi.obl(DebugSymbolsConv.obs)
18   CommonFiles64Folder                                iswi.obl(DebugSymbolsConv.obs)
19   CommonFilesFolder                                  iswi.obl(DebugSymbolsConv.obs)
20   DISABLE_ALLUSERBTN                                 setup.obs
21   DISABLE_PERUSERBTN                                 setup.obs
22   DISK1TARGET                                        setup.obs
23   DesktopFolder                                      iswi.obl(DebugSymbolsConv.obs)
24   ENABLED_ISERVICES                                  iswi.obl(HelperFuncs.obs)
25   ENGINECOMMONDIR                                    iswi.obl(HelperFuncs.obs)
26   ENGINEDIR                                          iswi.obl(HelperFuncs.obs)
27   ERRORFILENAME                                      setup.obs
28   ERRORINFO                                          iswi.obl(ComponentConv.obs)
29   Err                                                setup.obs
30   FEATURE                                            iswi.obl(ComponentConv.obs)
31   FILEERROR                                          iswi.obl(ComponentConv.obs)
32   FILETIME                                           setup.obs
33   FIND_DATA                                          setup.obs
34   FOLDER_APPDATA                                     iswi.obl(HelperFuncs.obs)
35   FOLDER_COMMON_APPDATA                              iswi.obl(HelperFuncs.obs)
36   FOLDER_DESKTOP                                     iswi.obl(HelperFuncs.obs)
37   FOLDER_DOTNET_10                                   iswi.obl(HelperFuncs.obs)
38   FOLDER_DOTNET_11                                   iswi.obl(HelperFuncs.obs)
39   FOLDER_DOTNET_20                                   iswi.obl(HelperFuncs.obs)
40   FOLDER_FONTS                                       iswi.obl(HelperFuncs.obs)
41   FOLDER_LOCAL_APPDATA                               iswi.obl(HelperFuncs.obs)
42   FOLDER_PERSONAL                                    iswi.obl(HelperFuncs.obs)
43   FOLDER_PROGRAMS                                    iswi.obl(HelperFuncs.obs)
44   FOLDER_STARTMENU                                   iswi.obl(HelperFuncs.obs)
45   FOLDER_STARTUP                                     iswi.obl(HelperFuncs.obs)
46   FOLDER_TEMP                                        iswi.obl(HelperFuncs.obs)
47   FavoritesFolder                                    iswi.obl(DebugSymbolsConv.obs)
48   FileRegistrar                                      setup.obs
49   FontsFolder                                        iswi.obl(DebugSymbolsConv.obs)
50   HKEYCURRENTROOTKEY                                 setup.obs
51   IFX_COMPANY_NAME                                   setup.obs
52   IFX_DISK1INSTALLED                                 setup.obs
53   IFX_INITIALIZED                                    setup.obs
54   IFX_INSTALLED_DISPLAY_VERSION                      setup.obs
55   IFX_INSTALLED_VERSION                              setup.obs
56   IFX_KEYPATH_PRODUCT_INFO                           setup.obs
57   IFX_MULTI_INSTANCE_SUFFIX                          setup.obs
58   IFX_NETAPI_GROUP                                   setup.obs
59   IFX_NETAPI_PASSWORD                                setup.obs
60   IFX_NETAPI_USER_ACCOUNT                            setup.obs
61   IFX_PRODUCT_COMMENTS                               setup.obs
62   IFX_PRODUCT_DISPLAY_NAME                           setup.obs
63   IFX_PRODUCT_DISPLAY_VERSION                        setup.obs
64   IFX_PRODUCT_ICON                                   setup.obs
65   IFX_PRODUCT_KEY                                    setup.obs
66   IFX_PRODUCT_NAME                                   setup.obs
67   IFX_PRODUCT_README                                 setup.obs
68   IFX_PRODUCT_REGISTEREDCOMPANY                      setup.obs
69   IFX_PRODUCT_REGISTEREDOWNER                        setup.obs
70   IFX_PRODUCT_REGISTEREDSERIALNUM                    setup.obs
71   IFX_PRODUCT_SUPPORT_CONTACT                        setup.obs
72   IFX_PRODUCT_SUPPORT_PHONE                          setup.obs
73   IFX_PRODUCT_SUPPORT_URL                            setup.obs
74   IFX_PRODUCT_UPDATE_URL                             setup.obs
75   IFX_PRODUCT_URL                                    setup.obs
76   IFX_PRODUCT_VERSION                                setup.obs
77   IFX_SETUP_TITLE                                    setup.obs
78   IFX_SUPPORTED_VERSIONS                             setup.obs
79   IISROOTFOLDER                                      iswi.obl(HelperFuncs.obs)
80   INSTALLDIR                                         setup.obs
81   INSTALLSCRIPTMSI                                   iswi.obl(HelperFuncs.obs)
82   INSTANCE_GUID                                      iswi.obl(HelperFuncs.obs)
83   ISDIFXAPPID                                        setup.obs
84   ISMSI_HANDLE                                       iswi.obl(DebugSymbolsConv.obs)
85   ISRES                                              iswi.obl(HelperFuncs.obs)
86   ISUSER                                             iswi.obl(HelperFuncs.obs)
87   ISUTIL_FUNCTION_ACTUAL_ERROR                       setup.obs
88   ISUTIL_FUNCTION_ERROR                              iswi.obl(CompHelperFuncs.obs)
89   ISUTIL_LINE_NUMBER                                 setup.obs
90   ISUTIL_POSITIVE_ERROR                              iswi.obl(CompHelperFuncs.obs)
91   ISUTIL_SCRIPT_FILE                                 setup.obs
92   ISVERSION                                          iswi.obl(HelperFuncs.obs)
93   InetSRCDIR                                         setup.obs
94   LAAW_PARAMETERS                                    setup.obs
95   LAAW_PROCESS_INFORMATION                           setup.obs
96   LAAW_STARTUPINFO                                   setup.obs
97   LAST_RESULT                                        setup.obs
98   LVITEM                                             iswi.obl(SdDiskReqs.obs)
99   LV_COLUMN                                          iswi.obl(SdDiskReqs.obs)
100  LocalAppDataFolder                                 iswi.obl(DebugSymbolsConv.obs)
101  LogDB                                              setup.obs
102  MAINTENANCE                                        iswi.obl(HelperFuncs.obs)
103  MAINT_OPTION                                       iswi.obl(HelperFuncs.obs)
104  MEDIA                                              setup.obs
105  MEDIA_INFO                                         iswi.obl(FeatureConv.obs)
106  MODE                                               setup.obs
107  MSG                                                setup.obs
108  MULTI_INSTANCE_COUNT                               iswi.obl(HelperFuncs.obs)
109  MainWindow                                         setup.obs
110  MyPicturesFolder                                   iswi.obl(DebugSymbolsConv.obs)
111  NOTHING                                            setup.obs
112  NetHoodFolder                                      iswi.obl(DebugSymbolsConv.obs)
113  OSINFO_PLATFORM_INFO                               setup.obs
114  OSINFO_PROCESSOR_INFO                              setup.obs
115  OSVERSIONINFO                                      setup.obs
116  OSVERSIONINFOEX                                    setup.obs
117  Objects                                            setup.obs
118  PACKAGE_LOCATION                                   iswi.obl(HelperFuncs.obs)
119  PATCH                                              iswi.obl(DebugSymbolsConv.obs)
120  POINT                                              setup.obs
121  PRIVILEGED                                         setup.obs
122  PROCESS_INFORMATION                                setup.obs
123  PRODUCT_GUID                                       iswi.obl(HelperFuncs.obs)
124  PROGRAMFILES                                       iswi.obl(HelperFuncs.obs)
125  PROGRAMFILES64                                     iswi.obl(HelperFuncs.obs)
126  PersonalFolder                                     iswi.obl(DebugSymbolsConv.obs)
127  PrintHoodFolder                                    iswi.obl(DebugSymbolsConv.obs)
128  ProgramFiles64Folder                               iswi.obl(DebugSymbolsConv.obs)
129  ProgramFilesFolder                                 iswi.obl(DebugSymbolsConv.obs)
130  ProgramMenuFolder                                  iswi.obl(DebugSymbolsConv.obs)
131  RECT                                               setup.obs
132  REGDB_OPTIONS                                      setup.obs
133  REINSTALLMODE                                      iswi.obl(HelperFuncs.obs)
134  REMOVEALLMODE                                      iswi.obl(HelperFuncs.obs)
135  REMOVEONLY                                         iswi.obl(HelperFuncs.obs)
136  Reboot                                             setup.obs
137  RecentFolder                                       iswi.obl(DebugSymbolsConv.obs)
138  SELECTED_LANGUAGE                                  iswi.obl(HelperFuncs.obs)
139  SERVICE_IS_PARAMS                                  setup.obs
140  SETUPTYPE_STR_COMPACT                              setup.obs
141  SETUPTYPE_STR_COMPLETE                             setup.obs
142  SETUPTYPE_STR_CUSTOM                               setup.obs
143  SETUPTYPE_STR_TYPICAL                              setup.obs
144  SHELL_OBJECT_FOLDER                                setup.obs
145  SHOW_PASSWORD_DIALOG                               iswi.obl(HelperFuncs.obs)
146  SRCDIR                                             setup.obs
147  SRCDISK                                            iswi.obl(HelperFuncs.obs)
148  STARTUPINFO                                        setup.obs
149  SUPPORTDIR                                         iswi.obl(HelperFuncs.obs)
150  SYSTEMTIME                                         setup.obs
151  SYSTEMTIME2                                        iswi.obl(ErrHandler.obs)
152  SendToFolder                                       iswi.obl(DebugSymbolsConv.obs)
153  SetupInfo                                          setup.obs
154  SourceDir                                          iswi.obl(DebugSymbolsConv.obs)
155  StartMenuFolder                                    iswi.obl(DebugSymbolsConv.obs)
156  StartupFolder                                      iswi.obl(DebugSymbolsConv.obs)
157  StatusDlg                                          setup.obs
158  System16Folder                                     iswi.obl(DebugSymbolsConv.obs)
159  System64Folder                                     iswi.obl(DebugSymbolsConv.obs)
160  SystemFolder                                       iswi.obl(DebugSymbolsConv.obs)
161  TARGETDIR                                          setup.obs
162  TARGETDISK                                         iswi.obl(HelperFuncs.obs)
163  TempFolder                                         iswi.obl(DebugSymbolsConv.obs)
164  TemplateFolder                                     iswi.obl(DebugSymbolsConv.obs)
165  TextSub                                            setup.obs
166  UNINST                                             setup.obs
167  UNINSTALLKEY                                       setup.obs
168  UNINSTALL_DISPLAYNAME                              setup.obs
169  UNINSTALL_STRING                                   setup.obs
170  UPDATEMODE                                         setup.obs
171  WINDIR                                             iswi.obl(HelperFuncs.obs)
172  WINDISK                                            iswi.obl(HelperFuncs.obs)
173  WINSYSDIR                                          iswi.obl(HelperFuncs.obs)
174  WINSYSDIR64                                        iswi.obl(HelperFuncs.obs)
175  WINSYSDISK                                         iswi.obl(HelperFuncs.obs)
176  WindowsFolder                                      iswi.obl(DebugSymbolsConv.obs)
177  WindowsVolume                                      iswi.obl(DebugSymbolsConv.obs)
178  _FONTFILEINFO                                      ifx.obl(EventsPriv.obs)
179  _INT64                                             setup.obs
180  _ISDIFXINSTALLERINFO                               isrt.obl(ISDIFx.obs)
181  _LAAW_PARAMETERS                                   setup.obs
182  _LAAW_TEMP_DATA                                    isrt.obl(Extend.obs)
183  _RESTOREINFO_                                      setup.obs
184  _RESTOREPTINFO                                     setup.obs
185  _SERVICE_IS_PARAMS                                 setup.obs
186  _SMGRSTATUS                                        setup.obs
187  _SMGSTATUS_                                        setup.obs
188  _WIN9X                                             setup.obs
189  _WINNT                                             setup.obs
190  __SYSTEMINFORMATION                                setup.obs
191  __SYSTEMPROCESSORINFORMATION                       setup.obs
192  __gbAliasingOff                                    iswi.obl(CompHelperFuncs.obs)
193  __gbCheckForUpdate                                 iswi.obl(CompHelperFuncs.obs)
194  __gbCheckUpdateReboot                              iswi.obl(CompHelperFuncs.obs)
195  __gbGetTarget                                      iswi.obl(CompHelperFuncs.obs)
196  __gbInitialized                                    iswi.obl(CompHelperFuncs.obs)
197  __gbInstallInfo                                    setup.obs
198  __gbMaintenance                                    iswi.obl(CompHelperFuncs.obs)
199  __gbReopening                                      iswi.obl(CompHelperFuncs.obs)
200  __ghActiveDataBase                                 iswi.obl(CompHelperFuncs.obs)
201  __ghErrFileHandle                                  iswi.obl(CompHelperFuncs.obs)
202  __ghMsiInstall                                     iswi.obl(CompHelperFuncs.obs)
203  __gnButtonSelected                                 iswi.obl(CompHelperFuncs.obs)
204  __gnLastError                                      iswi.obl(CompHelperFuncs.obs)
205  __gnMsiReturn                                      iswi.obl(CompHelperFuncs.obs)
206  __gnOSMask                                         iswi.obl(CompHelperFuncs.obs)
207  __gnScriptMode                                     iswi.obl(CompHelperFuncs.obs)
208  __goISDriver                                       iswi.obl(CompHelperFuncs.obs)
209  __goLanguageFilter                                 iswi.obl(CompHelperFuncs.obs)
210  __goMsiServer                                      iswi.obl(CompHelperFuncs.obs)
211  __gsINSTALLDIR                                     iswi.obl(CompHelperFuncs.obs)
212  __gsProductGuid                                    iswi.obl(CompHelperFuncs.obs)
213  __gsSourceDir                                      iswi.obl(CompHelperFuncs.obs)
214  __hContext                                         iswi.obl(CompHelperFuncs.obs)
215  __objGlobalTextSub                                 setup.obs
216  __objStringTable                                   iswi.obl(ISWiInit.obs)
217  __szGUID                                           isrt.obl(ISRTInit.obs)
218  bBackButton                                        setup.obs
219  bCancelButton                                      setup.obs
220  bEnterDiskBeep                                     iswi.obl(AdminAskPath.obs)
221  bFinishButton                                      setup.obs
222  bIFXLFNoToAll                                      setup.obs
223  bIFXLFOnRebootToAll                                setup.obs
224  bIFXLFYesToAll                                     setup.obs
225  bIFXMD5IgnoreToAll                                 setup.obs
226  bIFXRONoToAll                                      setup.obs
227  bIFXROYesToAll                                     setup.obs
228  bIFXSFNoToAll                                      setup.obs
229  bIFXSFYesToAll                                     setup.obs
230  bIfxPCHInitialized                                 setup.obs
231  bIfxPCHOn                                          setup.obs
232  bInstall16                                         setup.obs
233  bNextButton                                        setup.obs
234  bSdInit                                            setup.obs
235  bViewCmptKunits                                    setup.obs
236  bViewCmptUseDecimal                                setup.obs
237  g_bSuppressMissingStringWarning                    iswi.obl(DriverConv.obs)
238  nIfxPCHType                                        setup.obs
239  szAppKey                                           setup.obs
240  szSdProduct                                        setup.obs
241  szSdStr_NotEnoughSpace                             setup.obs
