***** External Functions *****
1    AdminAskPath                                       iswi.obl(AdminAskPath.obs)
2    AllFeaturesDeselected                              iswi.obl(CompHelperFuncs.obs)
3    CHECK_RETURN                                       iswi.obl(ErrHandler.obs)
4    CannotChange                                       setup.obs
5    CheckHomeDir                                       setup.obs
6    CheckIEversion                                     setup.obs
7    CheckLocalInstallation                             setup.obs
8    CheckTrackerDB                                     setup.obs
9    CloseFile                                          isrt.obl(Files.obs)
10   CmdGetHwndDlg                                      isrt.obl(CustomDlg.obs)
11   ComponentCompareSizeRequired                       isrt.obl(component.obs)
12   ComponentErrorInfo                                 iswi.obl(ComponentConv.obs)
13   ComponentFilterLanguage                            iswi.obl(ComponentConv.obs)
14   ComponentFilterOS                                  iswi.obl(ComponentConv.obs)
15   ComponentGetData                                   iswi.obl(ComponentConv.obs)
16   ComponentGetTotalCost                              isrt.obl(component.obs)
17   ComponentIsItemSelected                            iswi.obl(ComponentConv.obs)
18   ComponentListItems                                 iswi.obl(ComponentConv.obs)
19   ComponentReinstall                                 iswi.obl(ComponentConv.obs)
20   ComponentRemoveAll                                 iswi.obl(ComponentConv.obs)
21   ComponentSaveTarget                                isrt.obl(component.obs)
22   ComponentSelectItem                                iswi.obl(ComponentConv.obs)
23   ComponentSetupTypeSet                              iswi.obl(ComponentConv.obs)
24   ComponentTransferData                              iswi.obl(ComponentConv.obs)
25   ComponentTreeInit                                  isrt.obl(Dialogs.obs)
26   ConvertHexToBinary                                 setup.obs
27   CreateDir                                          isrt.obl(Files.obs)
28   CreateFile                                         isrt.obl(Files.obs)
29   CreateInstallationInfo                             iswi.obl(RegistryConv.obs)
30   CreateObject                                       isrt.obl(Misc.obs)
31   CtrlGetNotificationCode                            isrt.obl(CustomDlg.obs)
32   CtrlGetState                                       isrt.obl(CustomDlg.obs)
33   CtrlGetSubCommand                                  isrt.obl(CustomDlg.obs)
34   CtrlGetText                                        isrt.obl(CustomDlg.obs)
35   CtrlSelectText                                     isrt.obl(CustomDlg.obs)
36   CtrlSetList                                        isrt.obl(CustomDlg.obs)
37   CtrlSetMLEText                                     isrt.obl(CustomDlg.obs)
38   CtrlSetState                                       isrt.obl(CustomDlg.obs)
39   CtrlSetText                                        isrt.obl(CustomDlg.obs)
40   DefineDialog                                       isrt.obl(CustomDlg.obs)
41   DeleteFile                                         isrt.obl(Files.obs)
42   DialogSetDefaultFont                               isrt.obl(Dialogs.obs)
43   DialogSetFont                                      isrt.obl(Dialogs.obs)
44   DialogSetInfo                                      isrt.obl(Dialogs.obs)
45   Disable                                            isrt.obl(Enable.obs)
46   DiskSizeToStr                                      isrt.obl(SDINT.obs)
47   DispVariable                                       setup.obs
48   Divide                                             isrt.obl(Misc.obs)
49   DllSizeOf                                          isrt.obl(Str.obs)
50   Do                                                 isrt.obl(Misc.obs)
51   Enable                                             isrt.obl(Enable.obs)
52   EndDialog                                          isrt.obl(CustomDlg.obs)
53   ExcFeature                                         setup.obs
54   ExistsDir                                          isrt.obl(Files.obs)
55   EzDefineDialog                                     isrt.obl(CustomDlg.obs)
56   FeatureCompareSizeRequired                         iswi.obl(FeatureFuncsConv.obs)
57   FeaturesInstalled                                  iswi.obl(FileTransferFuncsConv.obs)
58   FeaturesInstalling                                 iswi.obl(FileTransferFuncsConv.obs)
59   FindFile                                           isrt.obl(Files.obs)
60   FindWindow                                         isrt.obl(Misc.obs)
61   FormatMessage                                      isrt.obl(Misc.obs)
62   GDI32.CreateRectRgn                                iswi.obl(AdminAskPath.obs)
63   GDI32.GetDeviceCaps                                iswi.obl(AdminAskPath.obs)
64   GeneratedMSIScript                                 iswi.obl(FileTransferFuncsConv.obs)
65   GeneratingMSIScript                                iswi.obl(FileTransferFuncsConv.obs)
66   GetBillboard                                       isrt.obl(SysVars.obs)
67   GetComponentsFeatures                              iswi.obl(CompHelperFuncs.obs)
68   GetDialogTitle                                     isrt.obl(Dialogs.obs)
69   GetDir                                             isrt.obl(Str.obs)
70   GetDisk                                            isrt.obl(Str.obs)
71   GetDiskSpace                                       isrt.obl(GSI.obs)
72   GetDiskSpaceEx                                     isrt.obl(GSI.obs)
73   GetExtents                                         isrt.obl(GSI.obs)
74   GetFileInfo                                        isrt.obl(Files.obs)
75   GetISRes                                           isrt.obl(SysVars.obs)
76   GetMSIFeatureName                                  iswi.obl(CompHelperFuncs.obs)
77   GetMaintenance                                     iswi.obl(ISWiInit.obs)
78   GetMsiFeaturePath                                  iswi.obl(CompHelperFuncs.obs)
79   GetMsiHandle                                       iswi.obl(SysVarsConv.obs)
80   GetMsiNameFromAliasTable                           iswi.obl(CompHelperFuncs.obs)
81   GetOpenFileMode                                    isrt.obl(Files.obs)
82   GetOption                                          setup.obs
83   GetProductGUID                                     iswi.obl(ISWiInit.obs)
84   GetProfString                                      isrt.obl(Profile.obs)
85   GetProperty                                        setup.obs
86   GetSelectedLanguage                                isrt.obl(SysVars.obs)
87   GetSelectedTreeComponent                           isrt.obl(CmptView.obs)
88   GetSourceDir                                       iswi.obl(SysVarsConv.obs)
89   GetSupportDir                                      isrt.obl(SysVars.obs)
90   GetSystemInfo                                      isrt.obl(GSI.obs)
91   GetValidDrivesList                                 isrt.obl(GSI.obs)
92   GetWinDir                                          isrt.obl(SysVars.obs)
93   GetWinSysDir                                       isrt.obl(SysVars.obs)
94   GetWindowHandle                                    iswi.obl(MiscConv.obs)
95   HIWORD                                             isrt.obl(Misc.obs)
96   HexStrToNum                                        isrt.obl(Str.obs)
97   ISDeterminePlatform                                isrt.obl(OsInfo.obs)
98   ISMIF32.InstallStatusMIF                           isrt.obl(MIF.obs)
99   ISRT.ComponentViewSetInfoEx                        isrt.obl(Dialogs.obs)
100  ISRT.EnableHourGlass                               isrt.obl(Enable.obs)
101  ISRT.GetCPUType                                    isrt.obl(GSI.obs)
102  ISRT.GetFontSub                                    isrt.obl(Dialogs.obs)
103  ISRT.GetHandle                                     setup.obs
104  ISRT.GetPorts                                      isrt.obl(GSI.obs)
105  ISRT.IsEmpty                                       setup.obs
106  ISRT.IsNTAdmin                                     isrt.obl(Is.obs)
107  ISRT.IsObject                                      setup.obs
108  ISRT.LangLoadString                                isrt.obl(SDINT.obs)
109  ISRT.LnchAppAndWait                                isrt.obl(Extend.obs)
110  ISRT.MessageBeepP                                  setup.obs
111  ISRT.PathCompactPathPixel                          isrt.obl(CustomDlg.obs)
112  ISRT.PathGetDir                                    isrt.obl(Str.obs)
113  ISRT.PathGetDrive                                  isrt.obl(Str.obs)
114  ISRT.PathGetFile                                   isrt.obl(Str.obs)
115  ISRT.PathGetFileExt                                isrt.obl(Str.obs)
116  ISRT.PathGetFileName                               isrt.obl(Str.obs)
117  ISRT.PathGetLongFromShort                          isrt.obl(Str.obs)
118  ISRT.PathGetPath                                   isrt.obl(Str.obs)
119  ISRT.PathGetSpecialFolder                          isrt.obl(SysVars.obs)
120  ISRT.PathIsValidSyntax                             isrt.obl(Is.obs)
121  ISRT.VerGetFileVersion                             setup.obs
122  ISRT._BrowseForFolder                              isrt.obl(SelectDir.obs)
123  ISRT._CloseFile                                    isrt.obl(Files.obs)
124  ISRT._CmdGetHwndDlg                                isrt.obl(CustomDlg.obs)
125  ISRT._ComponentCompareSizeRequired                 isrt.obl(component.obs)
126  ISRT._ComponentGetTotalCost                        isrt.obl(component.obs)
127  ISRT._ComponentSaveTarget                          isrt.obl(component.obs)
128  ISRT._CreateDir                                    isrt.obl(Files.obs)
129  ISRT._CreateObject                                 isrt.obl(Misc.obs)
130  ISRT._CtrlGetNotificationCode                      isrt.obl(CustomDlg.obs)
131  ISRT._CtrlGetSubCommand                            isrt.obl(CustomDlg.obs)
132  ISRT._DefineDialog                                 isrt.obl(CustomDlg.obs)
133  ISRT._DialogSetFont                                isrt.obl(Dialogs.obs)
134  ISRT._DisableStatus                                isrt.obl(Enable.obs)
135  ISRT._Divide                                       isrt.obl(Misc.obs)
136  ISRT._DoSprintf                                    iswi.obl(HelperFuncs.obs)
137  ISRT._EnableDialogCache                            isrt.obl(Enable.obs)
138  ISRT._EnablePrevDialog                             iswi.obl(AdminAskPath.obs)
139  ISRT._EnableStatus                                 isrt.obl(Enable.obs)
140  ISRT._EndDialog                                    isrt.obl(CustomDlg.obs)
141  ISRT._ExistsDir                                    isrt.obl(Files.obs)
142  ISRT._ExistsFile                                   isrt.obl(Files.obs)
143  ISRT._GetDiskSpaceEx                               isrt.obl(GSI.obs)
144  ISRT._GetGlobalMemorySize                          isrt.obl(GSI.obs)
145  ISRT._GetSelectedTreeComponent                     isrt.obl(CmptView.obs)
146  ISRT._GetSupportDir                                isrt.obl(SysVars.obs)
147  ISRT._ListAddItem                                  isrt.obl(scrlist.obs)
148  ISRT._ListAddString                                isrt.obl(scrlist.obs)
149  ISRT._ListCount                                    isrt.obl(scrlist.obs)
150  ISRT._ListCreate                                   isrt.obl(scrlist.obs)
151  ISRT._ListCurrentString                            isrt.obl(scrlist.obs)
152  ISRT._ListDestroy                                  isrt.obl(scrlist.obs)
153  ISRT._ListFindString                               isrt.obl(scrlist.obs)
154  ISRT._ListGetFirstItem                             isrt.obl(scrlist.obs)
155  ISRT._ListGetFirstString                           isrt.obl(scrlist.obs)
156  ISRT._ListGetNextItem                              isrt.obl(scrlist.obs)
157  ISRT._ListGetNextString                            isrt.obl(scrlist.obs)
158  ISRT._ListGetType                                  isrt.obl(scrlist.obs)
159  ISRT._ListSetIndex                                 isrt.obl(scrlist.obs)
160  ISRT._OpenFile                                     isrt.obl(Files.obs)
161  ISRT._RegCreateKey                                 iswi.obl(RegistryConv.obs)
162  ISRT._RegDeleteKey                                 iswi.obl(RegistryConv.obs)
163  ISRT._RegQueryKeyBinaryValue                       iswi.obl(RegistryConv.obs)
164  ISRT._RegQueryKeyValue                             iswi.obl(RegistryConv.obs)
165  ISRT._ReleaseDialog                                isrt.obl(CustomDlg.obs)
166  ISRT._SetAltMainImage                              isrt.obl(Dialogs.obs)
167  ISRT._SetDisplayEffect                             isrt.obl(ui.obs)
168  ISRT._TreeViewCreate                               isrt.obl(CmptView.obs)
169  ISRT._WaitOnDialog                                 isrt.obl(CustomDlg.obs)
170  ISRT._WriteLine                                    isrt.obl(Files.obs)
171  ISRT.__CreateObjectContext                         isrt.obl(ISRTInit.obs)
172  ISRT.__GetCmdLineOptions                           isrt.obl(ISRTInit.obs)
173  ISRT.__GetContextGUID                              isrt.obl(ISRTInit.obs)
174  ISRT.__GetFileRegistrar                            isrt.obl(ISRTInit.obs)
175  ISRT.__GetInfo                                     isrt.obl(ISRTInit.obs)
176  ISRT.__GetLogDB                                    isrt.obl(ISRTInit.obs)
177  ISRT.__GetMainWindow                               setup.obs
178  ISRT.__GetMaintenanceMode                          isrt.obl(SysVars.obs)
179  ISRT.__GetObjects                                  isrt.obl(ISRTInit.obs)
180  ISRT.__GetProductGuid                              isrt.obl(SysVars.obs)
181  ISRT.__GetProgress                                 setup.obs
182  ISRT.__GetReboot                                   isrt.obl(ISRTInit.obs)
183  ISRT.__GetTextSub                                  isrt.obl(ISRTInit.obs)
184  ISRT.__ReleaseObjectContext                        isrt.obl(ISRTInit.obs)
185  ISRT.__RestoreMainLog                              isrt.obl(ISRTInit.obs)
186  ISRT.__SetComponentLog                             isrt.obl(ISRTInit.obs)
187  ISWIOnAppSearch                                    iswi.obl(DriverConv.obs)
188  ISWIOnCCPSearch                                    iswi.obl(DriverConv.obs)
189  ISWIOnExitInstall                                  iswi.obl(DriverConv.obs)
190  ISWIOnFirstUIAfter                                 iswi.obl(DriverConv.obs)
191  ISWIOnFirstUIBefore                                iswi.obl(DriverConv.obs)
192  ISWIOnInitInstall                                  iswi.obl(DriverConv.obs)
193  ISWIOnMaintUIAfter                                 iswi.obl(DriverConv.obs)
194  ISWIOnMaintUIBefore                                iswi.obl(DriverConv.obs)
195  ISWIOnMoveData                                     iswi.obl(DriverConv.obs)
196  ISWIPCRestoreAfter                                 iswi.obl(DriverConv.obs)
197  ISWIPCRestoreBefore                                iswi.obl(DriverConv.obs)
198  IncFeature                                         setup.obs
199  InstallFilesActionAfter                            iswi.obl(FileTransferFuncsConv.obs)
200  InstallFilesActionBefore                           iswi.obl(FileTransferFuncsConv.obs)
201  Is                                                 isrt.obl(Is.obs)
202  IsBitSet                                           setup.obs
203  IsOSWinXP                                          iswi.obl(HelperFuncs.obs)
204  KERNEL.GetModuleHandle                             setup.obs
205  KERNEL32.CloseHandle                               iswi.obl(AdminAskPath.obs)
206  KERNEL32.CreateFileA                               iswi.obl(AdminAskPath.obs)
207  KERNEL32.DeleteFileA                               iswi.obl(AdminAskPath.obs)
208  KERNEL32.FileTimeToLocalFileTime                   iswi.obl(AdminAskPath.obs)
209  KERNEL32.FileTimeToSystemTime                      iswi.obl(AdminAskPath.obs)
210  KERNEL32.FindClose                                 iswi.obl(AdminAskPath.obs)
211  KERNEL32.FindFirstFileA                            iswi.obl(AdminAskPath.obs)
212  KERNEL32.FindNextFileA                             iswi.obl(AdminAskPath.obs)
213  KERNEL32.FormatMessageA                            iswi.obl(AdminAskPath.obs)
214  KERNEL32.GetDriveType                              iswi.obl(AdminAskPath.obs)
215  KERNEL32.GetFileAttributesA                        iswi.obl(AdminAskPath.obs)
216  KERNEL32.GetLocalTime                              iswi.obl(AdminAskPath.obs)
217  KERNEL32.GetLocaleInfo                             iswi.obl(AdminAskPath.obs)
218  KERNEL32.GetPrivateProfileString                   iswi.obl(AdminAskPath.obs)
219  KERNEL32.GetPrivateProfileStringA                  iswi.obl(AdminAskPath.obs)
220  KERNEL32.GetProfileStringA                         iswi.obl(AdminAskPath.obs)
221  KERNEL32.GetSystemDefaultLCID                      iswi.obl(AdminAskPath.obs)
222  KERNEL32.GetUserDefaultLangID                      iswi.obl(AdminAskPath.obs)
223  KERNEL32.GetVersion                                iswi.obl(AdminAskPath.obs)
224  KERNEL32.GetVersionEx                              iswi.obl(AdminAskPath.obs)
225  KERNEL32.GetVolumeInformation                      iswi.obl(AdminAskPath.obs)
226  KERNEL32.GetWindowsDirectory                       iswi.obl(AdminAskPath.obs)
227  KERNEL32.SetFileAttributesA                        iswi.obl(AdminAskPath.obs)
228  KERNEL32.WritePrivateProfileString                 iswi.obl(AdminAskPath.obs)
229  KERNEL32.lstrlen                                   iswi.obl(AdminAskPath.obs)
230  Kernel32.GetModuleHandleA                          iswi.obl(ComponentConv.obs)
231  LOWORD                                             isrt.obl(Misc.obs)
232  LaunchAppAndWait                                   isrt.obl(Extend.obs)
233  ListAddItem                                        isrt.obl(scrlist.obs)
234  ListAddString                                      isrt.obl(scrlist.obs)
235  ListCount                                          isrt.obl(scrlist.obs)
236  ListCreate                                         isrt.obl(scrlist.obs)
237  ListCurrentString                                  isrt.obl(scrlist.obs)
238  ListDestroy                                        isrt.obl(scrlist.obs)
239  ListFindString                                     isrt.obl(scrlist.obs)
240  ListGetFirstItem                                   isrt.obl(scrlist.obs)
241  ListGetFirstString                                 isrt.obl(scrlist.obs)
242  ListGetLastString                                  iswi.obl(CompHelperFuncs.obs)
243  ListGetNextItem                                    isrt.obl(scrlist.obs)
244  ListGetNextString                                  isrt.obl(scrlist.obs)
245  ListGetType                                        isrt.obl(scrlist.obs)
246  ListSetIndex                                       isrt.obl(scrlist.obs)
247  LongPathFromShortPath                              isrt.obl(Str.obs)
248  LongPathToQuote                                    isrt.obl(Str.obs)
249  MAKELONG                                           isrt.obl(Misc.obs)
250  MIFCreateMIFFile                                   isrt.obl(MIF.obs)
251  MIFDeleteMIFFile                                   isrt.obl(MIF.obs)
252  MIFInitialize                                      isrt.obl(MIF.obs)
253  MIFSetInformation                                  isrt.obl(MIF.obs)
254  MIFUnInitialize                                    isrt.obl(MIF.obs)
255  MIFWasSetInformationCalled                         isrt.obl(MIF.obs)
256  MessageBeep                                        isrt.obl(Misc.obs)
257  MessageBox                                         isrt.obl(MsgBox.obs)
258  Moved                                              iswi.obl(FileTransferFuncsConv.obs)
259  Moving                                             iswi.obl(FileTransferFuncsConv.obs)
260  MsgBox                                             setup.obs
261  MsiCloseHandle                                     iswi.obl(MsiFuncsConv.obs)
262  MsiCreateRecord                                    iswi.obl(MsiFuncsConv.obs)
263  MsiDatabaseOpenView                                iswi.obl(MsiFuncsConv.obs)
264  MsiGetActiveDatabase                               iswi.obl(MsiFuncsConv.obs)
265  MsiGetFeatureState                                 iswi.obl(MsiFuncsConv.obs)
266  MsiGetProperty                                     iswi.obl(MsiFuncsConv.obs)
267  MsiGetPropertyIS                                   iswi.obl(MsiFuncsConv.obs)
268  MsiGetSourcePath                                   iswi.obl(MsiFuncsConv.obs)
269  MsiGetTargetPath                                   iswi.obl(MsiFuncsConv.obs)
270  MsiInstallProduct                                  iswi.obl(MsiFuncsConv.obs)
271  MsiProcessMessage                                  iswi.obl(MsiFuncsConv.obs)
272  MsiRecordGetInteger                                iswi.obl(MsiFuncsConv.obs)
273  MsiRecordGetString                                 iswi.obl(MsiFuncsConv.obs)
274  MsiRecordSetString                                 iswi.obl(MsiFuncsConv.obs)
275  MsiSetProperty                                     iswi.obl(MsiFuncsConv.obs)
276  MsiSetTargetPath                                   iswi.obl(MsiFuncsConv.obs)
277  MsiViewExecute                                     iswi.obl(MsiFuncsConv.obs)
278  MsiViewFetch                                       iswi.obl(MsiFuncsConv.obs)
279  OnAbort                                            iswi.obl(DriverConv.obs)
280  OnAction                                           iswi.obl(ISWiInit.obs)
281  OnAdminInstallUIAfter                              iswi.obl(DriverConv.obs)
282  OnAdminInstallUIBefore                             iswi.obl(DriverConv.obs)
283  OnAdminPatchUIAfter                                iswi.obl(DriverConv.obs)
284  OnAdminPatchUIBefore                               iswi.obl(DriverConv.obs)
285  OnAdvertisementAfter                               iswi.obl(DriverConv.obs)
286  OnAdvertisementBefore                              iswi.obl(DriverConv.obs)
287  OnAppSearch                                        iswi.obl(DriverConv.obs)
288  OnBegin                                            iswi.obl(DriverConv.obs)
289  OnCCPSearch                                        iswi.obl(DriverConv.obs)
290  OnCanceling                                        iswi.obl(DriverConv.obs)
291  OnComponentError                                   iswi.obl(Exceptions.obs)
292  OnEnd                                              iswi.obl(DriverConv.obs)
293  OnError                                            iswi.obl(DriverConv.obs)
294  OnException                                        iswi.obl(Exceptions.obs)
295  OnFeaturesInstalled                                iswi.obl(FileTransferFuncsConv.obs)
296  OnFeaturesInstalling                               iswi.obl(FileTransferFuncsConv.obs)
297  OnFilesInUse                                       iswi.obl(DriverConv.obs)
298  OnFirstUIAfter                                     iswi.obl(DriverConv.obs)
299  OnFirstUIBefore                                    iswi.obl(DriverConv.obs)
300  OnGeneratedMSIScript                               iswi.obl(FileTransferFuncsConv.obs)
301  OnGeneratingMSIScript                              iswi.obl(FileTransferFuncsConv.obs)
302  OnHelp                                             iswi.obl(DriverConv.obs)
303  OnInstallFilesActionAfter                          iswi.obl(FileTransferFuncsConv.obs)
304  OnInstallFilesActionBefore                         iswi.obl(FileTransferFuncsConv.obs)
305  OnMaintUIAfter                                     iswi.obl(DriverConv.obs)
306  OnMaintUIBefore                                    iswi.obl(DriverConv.obs)
307  OnMaintenance                                      iswi.obl(DriverConv.obs)
308  OnMoved                                            iswi.obl(FileTransferFuncsConv.obs)
309  OnMoving                                           iswi.obl(FileTransferFuncsConv.obs)
310  OnMsiSilentInstall                                 iswi.obl(DriverConv.obs)
311  OnOutOfDiskSpace                                   iswi.obl(DriverConv.obs)
312  OnPatchUIAfter                                     iswi.obl(DriverConv.obs)
313  OnPatchUIBefore                                    iswi.obl(DriverConv.obs)
314  OnRebooted                                         iswi.obl(DriverConv.obs)
315  OnSelfRegistrationError                            iswi.obl(Exceptions.obs)
316  OnUnhandledException                               iswi.obl(DriverConv.obs)
317  OnUninstall                                        iswi.obl(DriverConv.obs)
318  OnWarning                                          iswi.obl(DriverConv.obs)
319  OpenFile                                           isrt.obl(Files.obs)
320  OpenFileMode                                       isrt.obl(Files.obs)
321  ParsePath                                          isrt.obl(Str.obs)
322  ProgDefGroupType                                   isrt.obl(Shell.obs)
323  ProgGetGroupType                                   isrt.obl(Shell.obs)
324  PthFixPath                                         isrt.obl(Pth.obs)
325  PthIsAbsPath                                       isrt.obl(Pth.obs)
326  ReadInstallProperties                              setup.obs
327  RebootNeeded                                       iswi.obl(FileTransferFuncsConv.obs)
328  RedirectMsiCloseHandle                             iswi.obl(RedirectedMsiFuncsConv.obs)
329  RedirectMsiCreateRecord                            iswi.obl(RedirectedMsiFuncsConv.obs)
330  RedirectMsiGetActiveDatabase                       iswi.obl(RedirectedMsiFuncsConv.obs)
331  RedirectMsiProcessMessage                          iswi.obl(RedirectedMsiFuncsConv.obs)
332  RedirectMsiRecordGetInteger                        iswi.obl(RedirectedMsiFuncsConv.obs)
333  RedirectMsiViewExecute                             iswi.obl(RedirectedMsiFuncsConv.obs)
334  RedirectMsiViewFetch                               iswi.obl(RedirectedMsiFuncsConv.obs)
335  RegDBDeleteKey                                     iswi.obl(RegistryConv.obs)
336  RegDBGetKeyValueEx                                 iswi.obl(RegistryConv.obs)
337  RegDBInit                                          iswi.obl(RegistryConv.obs)
338  RegDBQueryValue                                    iswi.obl(RegistryConv.obs)
339  RegDBSetDefaultRoot                                iswi.obl(RegistryConv.obs)
340  ReleaseDialog                                      isrt.obl(CustomDlg.obs)
341  RemoveRegistryKeys                                 setup.obs
342  RemoveSpaces                                       iswi.obl(HelperFuncs.obs)
343  ResolveShellObjectsFolder                          iswi.obl(CompHelperFuncs.obs)
344  RunExeInstallToSystemFolder                        setup.obs
345  RunExeInstalls                                     setup.obs
346  RunInstalledApplication                            setup.obs
347  SdAskDestPath                                      isrt.obl(SDADPATH.obs)
348  SdCloseDlg                                         isrt.obl(SDINT.obs)
349  SdComponentDlgCheckSpace                           isrt.obl(SDINT.obs)
350  SdComponentTree                                    isrt.obl(SDCOMTREE.obs)
351  SdCustomerInformation                              iswi.obl(SdCustInfo.obs)
352  SdDlgToTop                                         isrt.obl(SDINT.obs)
353  SdDoStdButton                                      isrt.obl(SDINT.obs)
354  SdEnablement                                       isrt.obl(SDINT.obs)
355  SdError                                            isrt.obl(SDINT.obs)
356  SdFeatureTree                                      iswi.obl(FeatureFuncsConv.obs)
357  SdFilesInUse                                       iswi.obl(SdFilesInUse.obs)
358  SdFinish                                           isrt.obl(SDFINISH.obs)
359  SdFinishEx                                         isrt.obl(SdFinishEx.obs)
360  SdFinishReboot                                     isrt.obl(SDFINBOT.obs)
361  SdGeneralInit                                      isrt.obl(SDINT.obs)
362  SdInit                                             isrt.obl(SDINT.obs)
363  SdIsStdButton                                      isrt.obl(SDINT.obs)
364  SdLoadString                                       isrt.obl(SDINT.obs)
365  SdMakeName                                         isrt.obl(SDINT.obs)
366  SdOutOfDiskSpace                                   iswi.obl(SdDiskReqs.obs)
367  SdPatchWelcome                                     iswi.obl(SdPatchWel.obs)
368  SdPlugInProductName                                isrt.obl(SDINT.obs)
369  SdProductName                                      iswi.obl(SdprodctConv.obs)
370  SdSetDlgTitle                                      isrt.obl(SDINT.obs)
371  SdSetStatic                                        isrt.obl(SDINT.obs)
372  SdSetupCompleteError                               iswi.obl(SdSetupCompleteError.obs)
373  SdStartCopy                                        isrt.obl(SDSCOPY.obs)
374  SdUnInit                                           isrt.obl(SDINT.obs)
375  SdWelcome                                          isrt.obl(SDWEL.obs)
376  SdWelcomeMaint                                     isrt.obl(SdWelcomeMaint.obs)
377  SelectDir                                          isrt.obl(SelectDir.obs)
378  SelectDirNoLog                                     isrt.obl(SelectDir.obs)
379  SendMessage                                        isrt.obl(Misc.obs)
380  SetALLUSERS                                        setup.obs
381  SetCmdLine                                         isrt.obl(SysVars.obs)
382  SetConfigOptions                                   setup.obs
383  SetDialogTitle                                     isrt.obl(Dialogs.obs)
384  SetDisplayEffect                                   isrt.obl(ui.obs)
385  SetFolderDesktop                                   isrt.obl(SysVars.obs)
386  SetFolderPrograms                                  isrt.obl(SysVars.obs)
387  SetFolderStartMenu                                 isrt.obl(SysVars.obs)
388  SetFolderStartup                                   isrt.obl(SysVars.obs)
389  SetGlobalVars                                      iswi.obl(ISWiInit.obs)
390  SetInstallProperties                               setup.obs
391  SetInstallPropertiesRepair                         setup.obs
392  SetInstallationInfo                                iswi.obl(RegistryConv.obs)
393  SetMsiHandle                                       iswi.obl(SysVarsConv.obs)
394  SetOption                                          setup.obs
395  SetPatch                                           iswi.obl(SysVarsConv.obs)
396  SetProperty                                        setup.obs
397  SetReinstallProps                                  setup.obs
398  SetSourceDir                                       iswi.obl(SysVarsConv.obs)
399  SetupType                                          isrt.obl(SetupType.obs)
400  SilentDoGeneralInfo                                isrt.obl(Silent.obs)
401  SilentFailed                                       isrt.obl(Silent.obs)
402  SilentFinish                                       isrt.obl(Silent.obs)
403  SilentGetMode                                      isrt.obl(Silent.obs)
404  SilentInit                                         isrt.obl(Silent.obs)
405  SilentReadData                                     isrt.obl(Silent.obs)
406  SilentSetInfo                                      isrt.obl(Silent.obs)
407  SilentSetMode                                      isrt.obl(Silent.obs)
408  SilentWriteData                                    isrt.obl(Silent.obs)
409  Sprintf                                            isrt.obl(Str.obs)
410  SprintfBox                                         isrt.obl(MsgBox.obs)
411  SprintfMsiLog                                      iswi.obl(HelperFuncs.obs)
412  StrDelete                                          iswi.obl(HelperFuncs.obs)
413  StrGetTokens                                       isrt.obl(Str.obs)
414  StrLength                                          isrt.obl(Str.obs)
415  StrRemoveLastSlash                                 isrt.obl(Str.obs)
416  StrRemoveSpaces                                    isrt.obl(Str.obs)
417  StrToUpper                                         isrt.obl(Str.obs)
418  SysVarsInit                                        isrt.obl(SysVars.obs)
419  SysVarsInitConv                                    iswi.obl(SysVarsConv.obs)
420  SysVarsUnInit                                      iswi.obl(SysVarsConv.obs)
421  System                                             isrt.obl(Misc.obs)
422  TreeViewCreate                                     isrt.obl(CmptView.obs)
423  USER.EnableWindow                                  setup.obs
424  USER.GetClassName                                  setup.obs
425  USER.GetDC                                         setup.obs
426  USER.GetDlgItem                                    setup.obs
427  USER.GetFocus                                      setup.obs
428  USER.GetWindowLong                                 setup.obs
429  USER.IsIconic                                      setup.obs
430  USER.IsWindow                                      setup.obs
431  USER.IsWindowVisible                               iswi.obl(AdminAskPath.obs)
432  USER.ReleaseDC                                     setup.obs
433  USER.SendMessageA                                  iswi.obl(AdminAskPath.obs)
434  USER.SetFocus                                      setup.obs
435  USER.SetForegroundWindow                           iswi.obl(AdminAskPath.obs)
436  USER.SetWindowPos                                  setup.obs
437  USER.SetWindowText                                 setup.obs
438  USER.ShowWindow                                    setup.obs
439  USER32.CharUpperBuffA                              iswi.obl(AdminAskPath.obs)
440  USER32.FindWindowA                                 iswi.obl(AdminAskPath.obs)
441  USER32.GetDlgItem                                  iswi.obl(SdDiskReqs.obs)
442  USER32.GetSystemMetrics                            iswi.obl(AdminAskPath.obs)
443  USER32.GetWindowRect                               iswi.obl(SdDiskReqs.obs)
444  USER32.GetWindowText                               iswi.obl(AdminAskPath.obs)
445  USER32.GetWindowTextLength                         iswi.obl(AdminAskPath.obs)
446  USER32.MessageBoxA                                 iswi.obl(AdminAskPath.obs)
447  USER32.SendMessageA                                iswi.obl(AdminAskPath.obs)
448  USER32.SetWindowLong                               iswi.obl(AdminAskPath.obs)
449  USER32.SetWindowRgn                                iswi.obl(AdminAskPath.obs)
450  User32.DestroyWindow                               iswi.obl(SdDiskReqs.obs)
451  User32.LoadStringA                                 iswi.obl(ComponentConv.obs)
452  VerCompare                                         isrt.obl(version.obs)
453  VerifySerialNo                                     setup.obs
454  WaitOnDialog                                       isrt.obl(CustomDlg.obs)
455  WriteLine                                          isrt.obl(Files.obs)
456  _HandleException                                   isrt.obl(exceptions.obs)
457  __AddIntegerToArray                                iswi.obl(HelperFuncs.obs)
458  __AddStringToArray                                 iswi.obl(HelperFuncs.obs)
459  __ComponentListItemsEx                             iswi.obl(CompHelperFuncs.obs)
460  __ComponentListItemsExInstall                      iswi.obl(CompHelperFuncs.obs)
461  __ComponentListItemsExUnInstall                    iswi.obl(CompHelperFuncs.obs)
462  __ComponentMoveXferData                            iswi.obl(CompHelperFuncs.obs)
463  __DefaultExitHandler                               isrt.obl(handlers.obs)
464  __GetFinishMode                                    iswi.obl(ISWiInit.obs)
465  __HandleError                                      iswi.obl(ErrHandler.obs)
466  __ISRTDoExit                                       isrt.obl(Misc.obs)
467  __ISRTInit                                         isrt.obl(ISRTInit.obs)
468  __ISRTRestoreMainLog                               isrt.obl(ISRTInit.obs)
469  __ISRTSetComponentLog                              isrt.obl(ISRTInit.obs)
470  __ISRTUnInit                                       isrt.obl(ISRTInit.obs)
471  __ISWIInit                                         iswi.obl(ISWiInit.obs)
472  __ISWIMsiHandle                                    iswi.obl(ISWiInit.obs)
473  __ISWIUnInit                                       iswi.obl(ISWiInit.obs)
474  __IsArrayEmpty                                     iswi.obl(HelperFuncs.obs)
475  __LoadIScriptString                                iswi.obl(ISWiInit.obs)
476  __MsiGetFeatureState                               iswi.obl(MsiWrappersConv.obs)
477  __MsiOpenView                                      iswi.obl(CompHelperFuncs.obs)
478  __MsiRecordGetString                               iswi.obl(MsiWrappersConv.obs)
479  __OnAbort                                          iswi.obl(DriverConv.obs)
480  __OnAdminPatch                                     iswi.obl(DriverConv.obs)
481  __OnAdministrativeInstall                          iswi.obl(DriverConv.obs)
482  __OnAdvertisement                                  iswi.obl(DriverConv.obs)
483  __OnBegin                                          iswi.obl(DriverConv.obs)
484  __OnCanceling                                      iswi.obl(DriverConv.obs)
485  __OnEnd                                            iswi.obl(DriverConv.obs)
486  __OnError                                          iswi.obl(DriverConv.obs)
487  __OnMsiMaintenance                                 iswi.obl(DriverConv.obs)
488  __OnMsiRebooted                                    iswi.obl(DriverConv.obs)
489  __OnMsiSilentInstall                               iswi.obl(DriverConv.obs)
490  __OnMsiUninstall                                   iswi.obl(DriverConv.obs)
491  __OnPatch                                          iswi.obl(DriverConv.obs)
492  __OnWarning                                        iswi.obl(DriverConv.obs)
493  __ResetMsiObject                                   iswi.obl(ISWiInit.obs)
494  __SetMaintenance                                   iswi.obl(ISWiInit.obs)
495  __SetMsiServer                                     iswi.obl(ISWiInit.obs)
496  isrt.IsEmpty                                       iswi.obl(HelperFuncs.obs)
497  isrt.IsObject                                      iswi.obl(MsiFuncsConv.obs)
498  isrt._ComponentGetData                             iswi.obl(ComponentConv.obs)
499  isrt._ComponentIsItemSelected                      iswi.obl(ComponentConv.obs)
500  isrt._ComponentListItems                           iswi.obl(ComponentConv.obs)
501  isrt._ComponentReinstall                           iswi.obl(ComponentConv.obs)
502  isrt._ComponentRemoveAll                           iswi.obl(ComponentConv.obs)
503  isrt._ComponentSelectItem                          iswi.obl(ComponentConv.obs)
504  isrt._ComponentSetupTypeSet                        iswi.obl(ComponentConv.obs)
505  isrt._EnableDialogCache                            iswi.obl(ISWiInit.obs)
506  kernel32.GetLocalTime                              iswi.obl(ErrHandler.obs)
507  kernel32.GetWindowsDirectoryA                      iswi.obl(ErrHandler.obs)
508  msi.MsiCloseHandle                                 iswi.obl(RedirectedMsiFuncsConv.obs)
509  msi.MsiCreateRecord                                iswi.obl(RedirectedMsiFuncsConv.obs)
510  msi.MsiDatabaseOpenViewA                           setup.obs
511  msi.MsiDoActionA                                   setup.obs
512  msi.MsiGetActiveDatabase                           iswi.obl(RedirectedMsiFuncsConv.obs)
513  msi.MsiGetFeatureStateA                            setup.obs
514  msi.MsiGetProductInfoA                             setup.obs
515  msi.MsiGetPropertyA                                setup.obs
516  msi.MsiGetSourcePathA                              setup.obs
517  msi.MsiGetTargetPathA                              setup.obs
518  msi.MsiProcessMessage                              iswi.obl(RedirectedMsiFuncsConv.obs)
519  msi.MsiRecordGetInteger                            iswi.obl(RedirectedMsiFuncsConv.obs)
520  msi.MsiRecordGetStringA                            setup.obs
521  msi.MsiRecordSetStringA                            setup.obs
522  msi.MsiSetPropertyA                                setup.obs
523  msi.MsiSetTargetPathA                              setup.obs
524  msi.MsiViewExecute                                 iswi.obl(RedirectedMsiFuncsConv.obs)
525  msi.MsiViewFetch                                   iswi.obl(RedirectedMsiFuncsConv.obs)
526  program                                            iswi.obl(DriverConv.obs)
527  sfc.SRSetRestorePoint                              setup.obs


***** External Variables *****
1    AdminToolsFolder                                   iswi.obl(DebugSymbolsConv.obs)
2    AppDataFolder                                      iswi.obl(DebugSymbolsConv.obs)
3    BATCH_INSTALL                                      setup.obs
4    CMDLINE                                            iswi.obl(DebugSymbolsConv.obs)
5    CMPTFILTERLANGOBJ                                  iswi.obl(CompHelperFuncs.obs)
6    COMMONFILES                                        iswi.obl(DebugSymbolsConv.obs)
7    CommonAppDataFolder                                iswi.obl(DebugSymbolsConv.obs)
8    CommonFiles64Folder                                iswi.obl(DebugSymbolsConv.obs)
9    CommonFilesFolder                                  iswi.obl(DebugSymbolsConv.obs)
10   DISK1TARGET                                        setup.obs
11   DesktopFolder                                      iswi.obl(DebugSymbolsConv.obs)
12   ERRORFILENAME                                      setup.obs
13   ERRORINFO                                          iswi.obl(ComponentConv.obs)
14   Err                                                setup.obs
15   FEATURE                                            iswi.obl(ComponentConv.obs)
16   FILEERROR                                          iswi.obl(ComponentConv.obs)
17   FILETIME                                           iswi.obl(AdminAskPath.obs)
18   FIND_DATA                                          iswi.obl(AdminAskPath.obs)
19   FOLDER_DESKTOP                                     iswi.obl(DebugSymbolsConv.obs)
20   FOLDER_PROGRAMS                                    iswi.obl(DebugSymbolsConv.obs)
21   FOLDER_STARTMENU                                   iswi.obl(DebugSymbolsConv.obs)
22   FOLDER_STARTUP                                     iswi.obl(DebugSymbolsConv.obs)
23   FavoritesFolder                                    iswi.obl(DebugSymbolsConv.obs)
24   FileRegistrar                                      setup.obs
25   FontsFolder                                        iswi.obl(DebugSymbolsConv.obs)
26   INSTALLDIR                                         setup.obs
27   ISMSI_HANDLE                                       iswi.obl(DebugSymbolsConv.obs)
28   ISRES                                              iswi.obl(DebugSymbolsConv.obs)
29   ISUSER                                             iswi.obl(DebugSymbolsConv.obs)
30   ISUTIL_FUNCTION_ERROR                              iswi.obl(CompHelperFuncs.obs)
31   ISUTIL_LINE_NUMBER                                 iswi.obl(CompHelperFuncs.obs)
32   ISUTIL_POSITIVE_ERROR                              iswi.obl(CompHelperFuncs.obs)
33   ISUTIL_SCRIPT_FILE                                 iswi.obl(CompHelperFuncs.obs)
34   ISVERSION                                          iswi.obl(DebugSymbolsConv.obs)
35   LAST_RESULT                                        setup.obs
36   LVITEM                                             iswi.obl(SdDiskReqs.obs)
37   LV_COLUMN                                          iswi.obl(SdDiskReqs.obs)
38   LocalAppDataFolder                                 iswi.obl(DebugSymbolsConv.obs)
39   LogDB                                              setup.obs
40   MAINTENANCE                                        iswi.obl(DebugSymbolsConv.obs)
41   MEDIA                                              setup.obs
42   MODE                                               iswi.obl(DebugSymbolsConv.obs)
43   MainWindow                                         setup.obs
44   MyPicturesFolder                                   iswi.obl(DebugSymbolsConv.obs)
45   NOTHING                                            setup.obs
46   NetHoodFolder                                      iswi.obl(DebugSymbolsConv.obs)
47   OSINFO_PLATFORM_INFO                               setup.obs
48   OSVERSIONINFO                                      iswi.obl(AdminAskPath.obs)
49   OSVERSIONINFOEX                                    iswi.obl(AdminAskPath.obs)
50   Objects                                            setup.obs
51   PATCH                                              iswi.obl(DebugSymbolsConv.obs)
52   PRODUCT_GUID                                       iswi.obl(DebugSymbolsConv.obs)
53   PROGRAMFILES                                       iswi.obl(DebugSymbolsConv.obs)
54   PersonalFolder                                     iswi.obl(DebugSymbolsConv.obs)
55   PrintHoodFolder                                    iswi.obl(DebugSymbolsConv.obs)
56   ProgramFiles64Folder                               iswi.obl(DebugSymbolsConv.obs)
57   ProgramFilesFolder                                 iswi.obl(DebugSymbolsConv.obs)
58   ProgramMenuFolder                                  iswi.obl(DebugSymbolsConv.obs)
59   RECT                                               iswi.obl(AdminAskPath.obs)
60   Reboot                                             setup.obs
61   RecentFolder                                       iswi.obl(DebugSymbolsConv.obs)
62   SELECTED_LANGUAGE                                  iswi.obl(DebugSymbolsConv.obs)
63   SHELL_OBJECT_FOLDER                                setup.obs
64   SRCDIR                                             setup.obs
65   SRCDISK                                            iswi.obl(DebugSymbolsConv.obs)
66   SUPPORTDIR                                         iswi.obl(DebugSymbolsConv.obs)
67   SYSTEMTIME                                         iswi.obl(AdminAskPath.obs)
68   SYSTEMTIME2                                        iswi.obl(ErrHandler.obs)
69   SendToFolder                                       iswi.obl(DebugSymbolsConv.obs)
70   SetupInfo                                          setup.obs
71   SourceDir                                          iswi.obl(DebugSymbolsConv.obs)
72   StartMenuFolder                                    iswi.obl(DebugSymbolsConv.obs)
73   StartupFolder                                      iswi.obl(DebugSymbolsConv.obs)
74   StatusDlg                                          setup.obs
75   System16Folder                                     iswi.obl(DebugSymbolsConv.obs)
76   System64Folder                                     iswi.obl(DebugSymbolsConv.obs)
77   SystemFolder                                       iswi.obl(DebugSymbolsConv.obs)
78   TARGETDIR                                          setup.obs
79   TARGETDISK                                         iswi.obl(DebugSymbolsConv.obs)
80   TempFolder                                         iswi.obl(DebugSymbolsConv.obs)
81   TemplateFolder                                     iswi.obl(DebugSymbolsConv.obs)
82   TextSub                                            setup.obs
83   UNINST                                             setup.obs
84   UNINSTALL_STRING                                   setup.obs
85   WINDIR                                             iswi.obl(DebugSymbolsConv.obs)
86   WINDISK                                            iswi.obl(DebugSymbolsConv.obs)
87   WINSYSDIR                                          iswi.obl(DebugSymbolsConv.obs)
88   WINSYSDISK                                         iswi.obl(DebugSymbolsConv.obs)
89   WindowsFolder                                      iswi.obl(DebugSymbolsConv.obs)
90   WindowsVolume                                      iswi.obl(DebugSymbolsConv.obs)
91   _INT64                                             setup.obs
92   _RESTOREINFO_                                      setup.obs
93   _RESTOREPTINFO                                     setup.obs
94   _SMGRSTATUS                                        setup.obs
95   _SMGSTATUS_                                        setup.obs
96   _WIN9X                                             setup.obs
97   _WINNT                                             setup.obs
98   __SYSTEMINFORMATION                                setup.obs
99   __gbAliasingOff                                    iswi.obl(CompHelperFuncs.obs)
100  __gbGetTarget                                      iswi.obl(CompHelperFuncs.obs)
101  __gbInitialized                                    iswi.obl(CompHelperFuncs.obs)
102  __gbMaintenance                                    iswi.obl(CompHelperFuncs.obs)
103  __gbReopening                                      iswi.obl(CompHelperFuncs.obs)
104  __ghActiveDataBase                                 iswi.obl(CompHelperFuncs.obs)
105  __ghErrFileHandle                                  iswi.obl(CompHelperFuncs.obs)
106  __ghMsiInstall                                     iswi.obl(CompHelperFuncs.obs)
107  __gnButtonSelected                                 iswi.obl(CompHelperFuncs.obs)
108  __gnLastError                                      iswi.obl(CompHelperFuncs.obs)
109  __gnMsiReturn                                      iswi.obl(CompHelperFuncs.obs)
110  __gnOSMask                                         iswi.obl(CompHelperFuncs.obs)
111  __gnScriptMode                                     iswi.obl(CompHelperFuncs.obs)
112  __goISDriver                                       iswi.obl(CompHelperFuncs.obs)
113  __goLanguageFilter                                 iswi.obl(CompHelperFuncs.obs)
114  __goMsiServer                                      iswi.obl(CompHelperFuncs.obs)
115  __gsINSTALLDIR                                     iswi.obl(CompHelperFuncs.obs)
116  __gsProductGuid                                    iswi.obl(CompHelperFuncs.obs)
117  __gsSourceDir                                      iswi.obl(CompHelperFuncs.obs)
118  __hContext                                         iswi.obl(CompHelperFuncs.obs)
119  __objGlobalTextSub                                 setup.obs
120  __objStringTable                                   iswi.obl(ISWiInit.obs)
121  __szGUID                                           iswi.obl(RegistryConv.obs)
122  bBackButton                                        setup.obs
123  bCancelButton                                      setup.obs
124  bEnterDiskBeep                                     iswi.obl(AdminAskPath.obs)
125  bFinishButton                                      setup.obs
126  bIfxPCHInitialized                                 setup.obs
127  bIfxPCHOn                                          setup.obs
128  bInstall16                                         setup.obs
129  bNextButton                                        setup.obs
130  bSdInit                                            setup.obs
131  bViewCmptKunits                                    setup.obs
132  bViewCmptUseDecimal                                setup.obs
133  g_bSuppressMissingStringWarning                    iswi.obl(DriverConv.obs)
134  nIfxPCHType                                        setup.obs
135  szAppKey                                           setup.obs
136  szInstallDeinstKey                                 setup.obs
137  szSdProduct                                        setup.obs
138  szSdStr_NotEnoughSpace                             setup.obs
